Archive member included because of file (symbol)

C:\Users\guyco\AppData\Local\arduino15\packages\arduino\hardware\sam\1.6.7\variants\arduino_due_x/libsam_sam3x8e_gcc_rel.a(pio.o)
                              C:\Users\guyco\AppData\Local\Temp\VMBuilds\MonopolyCreditCard\arduino_due_x_dbg\Wire\Wire.cpp.o (PIO_Configure)
C:\Users\guyco\AppData\Local\arduino15\packages\arduino\hardware\sam\1.6.7\variants\arduino_due_x/libsam_sam3x8e_gcc_rel.a(pmc.o)
                              C:\Users\guyco\AppData\Local\Temp\VMBuilds\MonopolyCreditCard\arduino_due_x_dbg\Wire\Wire.cpp.o (pmc_enable_periph_clk)
C:\Users\guyco\AppData\Local\arduino15\packages\arduino\hardware\sam\1.6.7\variants\arduino_due_x/libsam_sam3x8e_gcc_rel.a(spi.o)
                              C:\Users\guyco\AppData\Local\Temp\VMBuilds\MonopolyCreditCard\arduino_due_x_dbg\SPI\SPI.cpp.o (SPI_Enable)
C:\Users\guyco\AppData\Local\arduino15\packages\arduino\hardware\sam\1.6.7\variants\arduino_due_x/libsam_sam3x8e_gcc_rel.a(twi.o)
                              C:\Users\guyco\AppData\Local\Temp\VMBuilds\MonopolyCreditCard\arduino_due_x_dbg\Wire\Wire.cpp.o (TWI_SetClock)
C:\Users\guyco\AppData\Local\arduino15\packages\arduino\hardware\sam\1.6.7\variants\arduino_due_x/libsam_sam3x8e_gcc_rel.a(system_sam3xa.o)
                              C:\Users\guyco\AppData\Local\Temp\VMBuilds\MonopolyCreditCard\arduino_due_x_dbg\variant\variant.cpp.o (SystemInit)
C:\Users\guyco\AppData\Local\arduino15\packages\arduino\hardware\sam\1.6.7\variants\arduino_due_x/libsam_sam3x8e_gcc_rel.a(startup_sam3xa.o)
                              (Reset_Handler)
C:\Users\guyco\AppData\Local\arduino15\packages\arduino\hardware\sam\1.6.7\variants\arduino_due_x/libsam_sam3x8e_gcc_rel.a(adc.o)
                              C:\Users\guyco\AppData\Local\Temp\VMBuilds\MonopolyCreditCard\arduino_due_x_dbg\variant\variant.cpp.o (adc_init)
C:\Users\guyco\AppData\Local\arduino15\packages\arduino\hardware\sam\1.6.7\variants\arduino_due_x/libsam_sam3x8e_gcc_rel.a(uotghs.o)
                              C:\Users\guyco\AppData\Local\arduino15\packages\arduino\hardware\sam\1.6.7\variants\arduino_due_x/libsam_sam3x8e_gcc_rel.a(startup_sam3xa.o) (UOTGHS_Handler)
C:\Users\guyco\AppData\Local\Temp\VMBuilds\MonopolyCreditCard\arduino_due_x_dbg/core.a(cortex_handlers.c.o)
                              C:\Users\guyco\AppData\Local\arduino15\packages\arduino\hardware\sam\1.6.7\variants\arduino_due_x/libsam_sam3x8e_gcc_rel.a(startup_sam3xa.o) (NMI_Handler)
C:\Users\guyco\AppData\Local\Temp\VMBuilds\MonopolyCreditCard\arduino_due_x_dbg/core.a(hooks.c.o)
                              C:\Users\guyco\AppData\Local\Temp\VMBuilds\MonopolyCreditCard\arduino_due_x_dbg/core.a(cortex_handlers.c.o) (sysTickHook)
C:\Users\guyco\AppData\Local\Temp\VMBuilds\MonopolyCreditCard\arduino_due_x_dbg/core.a(wiring.c.o)
                              C:\Users\guyco\AppData\Local\Temp\VMBuilds\MonopolyCreditCard\arduino_due_x_dbg\SD\utility\Sd2Card.cpp.o (millis)
C:\Users\guyco\AppData\Local\Temp\VMBuilds\MonopolyCreditCard\arduino_due_x_dbg/core.a(wiring_analog.c.o)
                              C:\Users\guyco\AppData\Local\Temp\VMBuilds\MonopolyCreditCard\arduino_due_x_dbg\variant\variant.cpp.o (analogOutputInit)
C:\Users\guyco\AppData\Local\Temp\VMBuilds\MonopolyCreditCard\arduino_due_x_dbg/core.a(wiring_digital.c.o)
                              C:\Users\guyco\AppData\Local\Temp\VMBuilds\MonopolyCreditCard\arduino_due_x_dbg\SPI\SPI.cpp.o (pinMode)
C:\Users\guyco\AppData\Local\Temp\VMBuilds\MonopolyCreditCard\arduino_due_x_dbg/core.a(abi.cpp.o)
                              C:\Users\guyco\AppData\Local\Temp\VMBuilds\MonopolyCreditCard\arduino_due_x_dbg\Wire\Wire.cpp.o (__cxa_pure_virtual)
C:\Users\guyco\AppData\Local\Temp\VMBuilds\MonopolyCreditCard\arduino_due_x_dbg/core.a(main.cpp.o)
                              c:/users/guyco/appdata/local/arduino15/packages/arduino/tools/arm-none-eabi-gcc/4.8.3-2014q1/bin/../lib/gcc/arm-none-eabi/4.8.3/../../../../arm-none-eabi/lib/armv7-m/crt0.o (main)
C:\Users\guyco\AppData\Local\Temp\VMBuilds\MonopolyCreditCard\arduino_due_x_dbg/core.a(Print.cpp.o)
                              C:\Users\guyco\AppData\Local\Temp\VMBuilds\MonopolyCreditCard\arduino_due_x_dbg\Wire\Wire.cpp.o (Print::write(unsigned char const*, unsigned int))
C:\Users\guyco\AppData\Local\Temp\VMBuilds\MonopolyCreditCard\arduino_due_x_dbg/core.a(Reset.cpp.o)
                              C:\Users\guyco\AppData\Local\Temp\VMBuilds\MonopolyCreditCard\arduino_due_x_dbg/core.a(cortex_handlers.c.o) (tickReset)
C:\Users\guyco\AppData\Local\Temp\VMBuilds\MonopolyCreditCard\arduino_due_x_dbg/core.a(RingBuffer.cpp.o)
                              C:\Users\guyco\AppData\Local\Temp\VMBuilds\MonopolyCreditCard\arduino_due_x_dbg\variant\variant.cpp.o (RingBuffer::RingBuffer())
C:\Users\guyco\AppData\Local\Temp\VMBuilds\MonopolyCreditCard\arduino_due_x_dbg/core.a(Stream.cpp.o)
[...]
Memory Configuration

Name             Origin             Length             Attributes
rom              0x00080000         0x00080000         xr
sram0            0x20000000         0x00010000         xrw
sram1            0x20080000         0x00008000         xrw
ram              0x20070000         0x00018000         xrw
*default*        0x00000000         0xffffffff

Linker script and memory map

LOAD c:/users/guyco/appdata/local/arduino15/packages/arduino/tools/arm-none-eabi-gcc/4.8.3-2014q1/bin/../lib/gcc/arm-none-eabi/4.8.3/armv7-m/crti.o
LOAD c:/users/guyco/appdata/local/arduino15/packages/arduino/tools/arm-none-eabi-gcc/4.8.3-2014q1/bin/../lib/gcc/arm-none-eabi/4.8.3/armv7-m/crtbegin.o
LOAD c:/users/guyco/appdata/local/arduino15/packages/arduino/tools/arm-none-eabi-gcc/4.8.3-2014q1/bin/../lib/gcc/arm-none-eabi/4.8.3/../../../../arm-none-eabi/lib/armv7-m/crt0.o
START GROUP
LOAD C:\Users\guyco\AppData\Local\Temp\VMBuilds\MonopolyCreditCard\arduino_due_x_dbg/core/syscalls_sam3.c.o
LOAD C:\Users\guyco\AppData\Local\Temp\VMBuilds\MonopolyCreditCard\arduino_due_x_dbg\MonopolyCreditCard.cpp.o
LOAD C:\Users\guyco\AppData\Local\Temp\VMBuilds\MonopolyCreditCard\arduino_due_x_dbg\Wire\Wire.cpp.o
LOAD C:\Users\guyco\AppData\Local\Temp\VMBuilds\MonopolyCreditCard\arduino_due_x_dbg\SPI\SPI.cpp.o
LOAD C:\Users\guyco\AppData\Local\Temp\VMBuilds\MonopolyCreditCard\arduino_due_x_dbg\Arduino-LiquidCrystal-I2C-library\LiquidCrystal_I2C.cpp.o
LOAD C:\Users\guyco\AppData\Local\Temp\VMBuilds\MonopolyCreditCard\arduino_due_x_dbg\MPR121\MPR121.cpp.o
LOAD C:\Users\guyco\AppData\Local\Temp\VMBuilds\MonopolyCreditCard\arduino_due_x_dbg\SD\File.cpp.o
LOAD C:\Users\guyco\AppData\Local\Temp\VMBuilds\MonopolyCreditCard\arduino_due_x_dbg\SD\SD.cpp.o
LOAD C:\Users\guyco\AppData\Local\Temp\VMBuilds\MonopolyCreditCard\arduino_due_x_dbg\SD\utility\Sd2Card.cpp.o
LOAD C:\Users\guyco\AppData\Local\Temp\VMBuilds\MonopolyCreditCard\arduino_due_x_dbg\SD\utility\SdFile.cpp.o
LOAD C:\Users\guyco\AppData\Local\Temp\VMBuilds\MonopolyCreditCard\arduino_due_x_dbg\SD\utility\SdVolume.cpp.o
LOAD C:\Users\guyco\AppData\Local\Temp\VMBuilds\MonopolyCreditCard\arduino_due_x_dbg\Display_Interface.cpp.o
LOAD C:\Users\guyco\AppData\Local\Temp\VMBuilds\MonopolyCreditCard\arduino_due_x_dbg\MPR121_Interface.cpp.o
LOAD C:\Users\guyco\AppData\Local\Temp\VMBuilds\MonopolyCreditCard\arduino_due_x_dbg\SD_Interface.cpp.o
LOAD C:\Users\guyco\AppData\Local\Temp\VMBuilds\MonopolyCreditCard\arduino_due_x_dbg\variant\variant.cpp.o
LOAD C:\Users\guyco\AppData\Local\arduino15\packages\arduino\hardware\sam\1.6.7\variants\arduino_due_x/libsam_sam3x8e_gcc_rel.a
LOAD C:\Users\guyco\AppData\Local\Temp\VMBuilds\MonopolyCreditCard\arduino_due_x_dbg/core.a
END GROUP
LOAD c:/users/guyco/appdata/local/arduino15/packages/arduino/tools/arm-none-eabi-gcc/4.8.3-2014q1/bin/../lib/gcc/arm-none-eabi/4.8.3/../../../../arm-none-eabi/lib/armv7-m\libm.a
START GROUP
LOAD c:/users/guyco/appdata/local/arduino15/packages/arduino/tools/arm-none-eabi-gcc/4.8.3-2014q1/bin/../lib/gcc/arm-none-eabi/4.8.3/armv7-m\libgcc.a
LOAD c:/users/guyco/appdata/local/arduino15/packages/arduino/tools/arm-none-eabi-gcc/4.8.3-2014q1/bin/../lib/gcc/arm-none-eabi/4.8.3/../../../../arm-none-eabi/lib/armv7-m\libg.a
LOAD c:/users/guyco/appdata/local/arduino15/packages/arduino/tools/arm-none-eabi-gcc/4.8.3-2014q1/bin/../lib/gcc/arm-none-eabi/4.8.3/../../../../arm-none-eabi/lib/armv7-m\libc.a
END GROUP
LOAD c:/users/guyco/appdata/local/arduino15/packages/arduino/tools/arm-none-eabi-gcc/4.8.3-2014q1/bin/../lib/gcc/arm-none-eabi/4.8.3/armv7-m/crtend.o
LOAD c:/users/guyco/appdata/local/arduino15/packages/arduino/tools/arm-none-eabi-gcc/4.8.3-2014q1/bin/../lib/gcc/arm-none-eabi/4.8.3/armv7-m/crtn.o

.text           0x00080000     0x9cc4
                0x00080000                . = ALIGN (0x4)
                0x00080000                _sfixed = .
 *(.vectors .vectors.*)
 .vectors       0x00080000       0xf4 C:\Users\guyco\AppData\Local\arduino15\packages\arduino\hardware\sam\1.6.7\variants\arduino_due_x/libsam_sam3x8e_gcc_rel.a(startup_sam3xa.o)
                0x00080000                exception_table
 *(.text .text.* .gnu.linkonce.t.*)
 .text          0x000800f4       0x54 c:/users/guyco/appdata/local/arduino15/packages/arduino/tools/arm-none-eabi-gcc/4.8.3-2014q1/bin/../lib/gcc/arm-none-eabi/4.8.3/armv7-m/crtbegin.o
 .text._sbrk    0x00080148       0x1c C:\Users\guyco\AppData\Local\Temp\VMBuilds\MonopolyCreditCard\arduino_due_x_dbg/core/syscalls_sam3.c.o
                0x00080148                _sbrk
 .text._close   0x00080164        0x6 C:\Users\guyco\AppData\Local\Temp\VMBuilds\MonopolyCreditCard\arduino_due_x_dbg/core/syscalls_sam3.c.o
                0x00080164                _close
 .text._fstat   0x0008016a        0xa C:\Users\guyco\AppData\Local\Temp\VMBuilds\MonopolyCreditCard\arduino_due_x_dbg/core/syscalls_sam3.c.o
                0x0008016a                _fstat
 .text._isatty  0x00080174        0x4 C:\Users\guyco\AppData\Local\Temp\VMBuilds\MonopolyCreditCard\arduino_due_x_dbg/core/syscalls_sam3.c.o
                0x00080174                _isatty
 .text._lseek   0x00080178        0x4 C:\Users\guyco\AppData\Local\Temp\VMBuilds\MonopolyCreditCard\arduino_due_x_dbg/core/syscalls_sam3.c.o
                0x00080178                _lseek
 .text._read    0x0008017c        0x4 C:\Users\guyco\AppData\Local\Temp\VMBuilds\MonopolyCreditCard\arduino_due_x_dbg/core/syscalls_sam3.c.o
                0x0008017c                _read
 .text._write   0x00080180       0x24 C:\Users\guyco\AppData\Local\Temp\VMBuilds\MonopolyCreditCard\arduino_due_x_dbg/core/syscalls_sam3.c.o
                0x00080180                _write
 .text._exit    0x000801a4       0x10 C:\Users\guyco\AppData\Local\Temp\VMBuilds\MonopolyCreditCard\arduino_due_x_dbg/core/syscalls_sam3.c.o
                0x000801a4                _exit
 .text._kill    0x000801b4        0x2 C:\Users\guyco\AppData\Local\Temp\VMBuilds\MonopolyCreditCard\arduino_due_x_dbg/core/syscalls_sam3.c.o
                0x000801b4                _kill
 .text._getpid  0x000801b6        0x6 C:\Users\guyco\AppData\Local\Temp\VMBuilds\MonopolyCreditCard\arduino_due_x_dbg/core/syscalls_sam3.c.o
                0x000801b6                _getpid
 .text.loop     0x000801bc        0x2 C:\Users\guyco\AppData\Local\Temp\VMBuilds\MonopolyCreditCard\arduino_due_x_dbg\MonopolyCreditCard.cpp.o
                0x000801bc                loop
 *fill*         0x000801be        0x2 
 .text.setup    0x000801c0       0xf4 C:\Users\guyco\AppData\Local\Temp\VMBuilds\MonopolyCreditCard\arduino_due_x_dbg\MonopolyCreditCard.cpp.o
                0x000801c0                setup
 .text._ZN7TwoWire5writeEPKhj
                0x000802b4       0x50 C:\Users\guyco\AppData\Local\Temp\VMBuilds\MonopolyCreditCard\arduino_due_x_dbg\Wire\Wire.cpp.o
                0x000802b4                TwoWire::write(unsigned char const*, unsigned int)
 .text._ZN7TwoWire9availableEv
                0x00080304        0xc C:\Users\guyco\AppData\Local\Temp\VMBuilds\MonopolyCreditCard\arduino_due_x_dbg\Wire\Wire.cpp.o
                0x00080304                TwoWire::available()
 .text._ZN7TwoWire4readEv
                0x00080310       0x1e C:\Users\guyco\AppData\Local\Temp\VMBuilds\MonopolyCreditCard\arduino_due_x_dbg\Wire\Wire.cpp.o
                0x00080310                TwoWire::read()
 .text._ZN7TwoWire4peekEv
                0x0008032e       0x16 C:\Users\guyco\AppData\Local\Temp\VMBuilds\MonopolyCreditCard\arduino_due_x_dbg\Wire\Wire.cpp.o
                0x0008032e                TwoWire::peek()
 .text._ZN7TwoWire5flushEv
                0x00080344        0x2 C:\Users\guyco\AppData\Local\Temp\VMBuilds\MonopolyCreditCard\arduino_due_x_dbg\Wire\Wire.cpp.o
                0x00080344                TwoWire::flush()
 .text._ZN7TwoWire5writeEh
                0x00080346       0x3a C:\Users\guyco\AppData\Local\Temp\VMBuilds\MonopolyCreditCard\arduino_due_x_dbg\Wire\Wire.cpp.o
                0x00080346                TwoWire::write(unsigned char)
 .text._ZL16TWI_WaitByteSentP3Twim.constprop.3
                0x00080380       0x2c C:\Users\guyco\AppData\Local\Temp\VMBuilds\MonopolyCreditCard\arduino_due_x_dbg\Wire\Wire.cpp.o
 .text._ZL24TWI_WaitTransferCompleteP3Twim.constprop.4
                0x000803ac       0x2c C:\Users\guyco\AppData\Local\Temp\VMBuilds\MonopolyCreditCard\arduino_due_x_dbg\Wire\Wire.cpp.o
 .text._ZL9Wire_Initv
                0x000803d8       0x54 C:\Users\guyco\AppData\Local\Temp\VMBuilds\MonopolyCreditCard\arduino_due_x_dbg\Wire\Wire.cpp.o
 .text._ZL12Wire1_Deinitv
                0x0008042c       0x18 C:\Users\guyco\AppData\Local\Temp\VMBuilds\MonopolyCreditCard\arduino_due_x_dbg\Wire\Wire.cpp.o
 .text._ZL11Wire_Deinitv
                0x00080444       0x18 C:\Users\guyco\AppData\Local\Temp\VMBuilds\MonopolyCreditCard\arduino_due_x_dbg\Wire\Wire.cpp.o
 .text._ZL10Wire1_Initv
                0x0008045c       0x54 C:\Users\guyco\AppData\Local\Temp\VMBuilds\MonopolyCreditCard\arduino_due_x_dbg\Wire\Wire.cpp.o
 .text._ZN7TwoWireC2EP3TwiPFvvES3_
                0x000804b0       0x48 C:\Users\guyco\AppData\Local\Temp\VMBuilds\MonopolyCreditCard\arduino_due_x_dbg\Wire\Wire.cpp.o
                0x000804b0                TwoWire::TwoWire(Twi*, void (*)(), void (*)())
                0x000804b0                TwoWire::TwoWire(Twi*, void (*)(), void (*)())
 .text._ZN7TwoWire5beginEv
                0x000804f8       0x30 C:\Users\guyco\AppData\Local\Temp\VMBuilds\MonopolyCreditCard\arduino_due_x_dbg\Wire\Wire.cpp.o
                0x000804f8                TwoWire::begin()
 .text._ZN7TwoWire17beginTransmissionEh
                0x00080528       0x12 C:\Users\guyco\AppData\Local\Temp\VMBuilds\MonopolyCreditCard\arduino_due_x_dbg\Wire\Wire.cpp.o
                0x00080528                TwoWire::beginTransmission(unsigned char)
 .text._ZN7TwoWire15endTransmissionEh
                0x0008053a       0x82 C:\Users\guyco\AppData\Local\Temp\VMBuilds\MonopolyCreditCard\arduino_due_x_dbg\Wire\Wire.cpp.o
                0x0008053a                TwoWire::endTransmission(unsigned char)
 .text._ZN7TwoWire15endTransmissionEv
                0x000805bc        0x6 C:\Users\guyco\AppData\Local\Temp\VMBuilds\MonopolyCreditCard\arduino_due_x_dbg\Wire\Wire.cpp.o
                0x000805bc                TwoWire::endTransmission()
 .text._ZN7TwoWire9onServiceEv
                0x000805c2      0x118 C:\Users\guyco\AppData\Local\Temp\VMBuilds\MonopolyCreditCard\arduino_due_x_dbg\Wire\Wire.cpp.o
                0x000805c2                TwoWire::onService()
 *fill*         0x000806da        0x2 
 .text.TWI1_Handler
                0x000806dc        0xc C:\Users\guyco\AppData\Local\Temp\VMBuilds\MonopolyCreditCard\arduino_due_x_dbg\Wire\Wire.cpp.o
                0x000806dc                TWI1_Handler
 .text.TWI0_Handler
                0x000806e8        0xc C:\Users\guyco\AppData\Local\Temp\VMBuilds\MonopolyCreditCard\arduino_due_x_dbg\Wire\Wire.cpp.o
                0x000806e8                TWI0_Handler
 .text.startup._GLOBAL__sub_I__ZN7TwoWireC2EP3TwiPFvvES3_
                0x000806f4       0x40 C:\Users\guyco\AppData\Local\Temp\VMBuilds\MonopolyCreditCard\arduino_due_x_dbg\Wire\Wire.cpp.o
 .text._ZL10SPI_0_Initv
                0x00080734       0x48 C:\Users\guyco\AppData\Local\Temp\VMBuilds\MonopolyCreditCard\arduino_due_x_dbg\SPI\SPI.cpp.o
 .text._ZN8SPIClass4initEv
                0x0008077c       0x36 C:\Users\guyco\AppData\Local\Temp\VMBuilds\MonopolyCreditCard\arduino_due_x_dbg\SPI\SPI.cpp.o
                0x0008077c                SPIClass::init()
 .text._ZN8SPIClass11setDataModeEhh
                0x000807b2       0x34 C:\Users\guyco\AppData\Local\Temp\VMBuilds\MonopolyCreditCard\arduino_due_x_dbg\SPI\SPI.cpp.o
                0x000807b2                SPIClass::setDataMode(unsigned char, unsigned char)
 .text._ZN8SPIClass15setClockDividerEhh
                0x000807e6       0x2e C:\Users\guyco\AppData\Local\Temp\VMBuilds\MonopolyCreditCard\arduino_due_x_dbg\SPI\SPI.cpp.o
                0x000807e6                SPIClass::setClockDivider(unsigned char, unsigned char)
 .text._ZN8SPIClass5beginEv
                0x00080814       0x22 C:\Users\guyco\AppData\Local\Temp\VMBuilds\MonopolyCreditCard\arduino_due_x_dbg\SPI\SPI.cpp.o
                0x00080814                SPIClass::begin()
 .text._ZN8SPIClass8transferEhh15SPITransferMode
                0x00080836       0x5e C:\Users\guyco\AppData\Local\Temp\VMBuilds\MonopolyCreditCard\arduino_due_x_dbg\SPI\SPI.cpp.o
                0x00080836                SPIClass::transfer(unsigned char, unsigned char, SPITransferMode)
 .text.startup._GLOBAL__sub_I__ZN8SPIClassC2EP3SpimPFvvE
                0x00080894       0x24 C:\Users\guyco\AppData\Local\Temp\VMBuilds\MonopolyCreditCard\arduino_due_x_dbg\SPI\SPI.cpp.o
 .text._ZN17LiquidCrystal_I2CC2Ehhhh
                0x000808b8       0x20 C:\Users\guyco\AppData\Local\Temp\VMBuilds\MonopolyCreditCard\arduino_due_x_dbg\Arduino-LiquidCrystal-I2C-library\LiquidCrystal_I2C.cpp.o
                0x000808b8                LiquidCrystal_I2C::LiquidCrystal_I2C(unsigned char, unsigned char, unsigned char, unsigned char)
                0x000808b8                LiquidCrystal_I2C::LiquidCrystal_I2C(unsigned char, unsigned char, unsigned char, unsigned char)
 .text._ZN17LiquidCrystal_I2C13expanderWriteEh
                0x000808d8       0x2c C:\Users\guyco\AppData\Local\Temp\VMBuilds\MonopolyCreditCard\arduino_due_x_dbg\Arduino-LiquidCrystal-I2C-library\LiquidCrystal_I2C.cpp.o
                0x000808d8                LiquidCrystal_I2C::expanderWrite(unsigned char)
 .text._ZN17LiquidCrystal_I2C11pulseEnableEh
                0x00080904       0x2c C:\Users\guyco\AppData\Local\Temp\VMBuilds\MonopolyCreditCard\arduino_due_x_dbg\Arduino-LiquidCrystal-I2C-library\LiquidCrystal_I2C.cpp.o
                0x00080904                LiquidCrystal_I2C::pulseEnable(unsigned char)
 .text._ZN17LiquidCrystal_I2C10write4bitsEh
                0x00080930       0x16 C:\Users\guyco\AppData\Local\Temp\VMBuilds\MonopolyCreditCard\arduino_due_x_dbg\Arduino-LiquidCrystal-I2C-library\LiquidCrystal_I2C.cpp.o
                0x00080930                LiquidCrystal_I2C::write4bits(unsigned char)
 .text._ZN17LiquidCrystal_I2C4sendEhh
                0x00080946       0x22 C:\Users\guyco\AppData\Local\Temp\VMBuilds\MonopolyCreditCard\arduino_due_x_dbg\Arduino-LiquidCrystal-I2C-library\LiquidCrystal_I2C.cpp.o
                0x00080946                LiquidCrystal_I2C::send(unsigned char, unsigned char)
 .text._ZN17LiquidCrystal_I2C5writeEh
                0x00080968        0xc C:\Users\guyco\AppData\Local\Temp\VMBuilds\MonopolyCreditCard\arduino_due_x_dbg\Arduino-LiquidCrystal-I2C-library\LiquidCrystal_I2C.cpp.o
                0x00080968                LiquidCrystal_I2C::write(unsigned char)
 .text._ZN8MPR121_tC2Ev
                0x00080974       0x90 C:\Users\guyco\AppData\Local\Temp\VMBuilds\MonopolyCreditCard\arduino_due_x_dbg\MPR121\MPR121.cpp.o
                0x00080974                MPR121_t::MPR121_t()
                0x00080974                MPR121_t::MPR121_t()
 .text.startup._GLOBAL__sub_I__ZN8MPR121_tC2Ev
                0x00080a04        0xc C:\Users\guyco\AppData\Local\Temp\VMBuilds\MonopolyCreditCard\arduino_due_x_dbg\MPR121\MPR121.cpp.o
 .text._ZN4File5writeEh
                0x00080a10       0x16 C:\Users\guyco\AppData\Local\Temp\VMBuilds\MonopolyCreditCard\arduino_due_x_dbg\SD\File.cpp.o
                0x00080a10                File::write(unsigned char)
 .text._ZN4File5writeEPKhj
                0x00080a26       0x26 C:\Users\guyco\AppData\Local\Temp\VMBuilds\MonopolyCreditCard\arduino_due_x_dbg\SD\File.cpp.o
                0x00080a26                File::write(unsigned char const*, unsigned int)
 .text._ZN4File5flushEv
                0x00080a4c        0xa C:\Users\guyco\AppData\Local\Temp\VMBuilds\MonopolyCreditCard\arduino_due_x_dbg\SD\File.cpp.o
                0x00080a4c                File::flush()
 .text._ZN6SdFile4readEv
                0x00080a56       0x20 C:\Users\guyco\AppData\Local\Temp\VMBuilds\MonopolyCreditCard\arduino_due_x_dbg\SD\File.cpp.o
                0x00080a56                SdFile::read()
 .text._ZN4File4readEv
                0x00080a76       0x12 C:\Users\guyco\AppData\Local\Temp\VMBuilds\MonopolyCreditCard\arduino_due_x_dbg\SD\File.cpp.o
                0x00080a76                File::read()
 .text._ZN4File4peekEv
                0x00080a88       0x20 C:\Users\guyco\AppData\Local\Temp\VMBuilds\MonopolyCreditCard\arduino_due_x_dbg\SD\File.cpp.o
                0x00080a88                File::peek()
 .text._ZN4FileC2E6SdFilePKc
                0x00080aa8       0x50 C:\Users\guyco\AppData\Local\Temp\VMBuilds\MonopolyCreditCard\arduino_due_x_dbg\SD\File.cpp.o
                0x00080aa8                File::File(SdFile, char const*)
                0x00080aa8                File::File(SdFile, char const*)
 .text._ZN4FileC2Ev
                0x00080af8       0x18 C:\Users\guyco\AppData\Local\Temp\VMBuilds\MonopolyCreditCard\arduino_due_x_dbg\SD\File.cpp.o
                0x00080af8                File::File()
                0x00080af8                File::File()
 .text._ZN4FileD2Ev
                0x00080b10        0xc C:\Users\guyco\AppData\Local\Temp\VMBuilds\MonopolyCreditCard\arduino_due_x_dbg\SD\File.cpp.o
                0x00080b10                File::~File()
                0x00080b10                File::~File()
 .text._ZN4File8positionEv
                0x00080b1c        0xe C:\Users\guyco\AppData\Local\Temp\VMBuilds\MonopolyCreditCard\arduino_due_x_dbg\SD\File.cpp.o
                0x00080b1c                File::position()
 .text._ZN4File4sizeEv
                0x00080b2a        0x8 C:\Users\guyco\AppData\Local\Temp\VMBuilds\MonopolyCreditCard\arduino_due_x_dbg\SD\File.cpp.o
                0x00080b2a                File::size()
 .text._ZN4File9availableEv
                0x00080b32       0x26 C:\Users\guyco\AppData\Local\Temp\VMBuilds\MonopolyCreditCard\arduino_due_x_dbg\SD\File.cpp.o
                0x00080b32                File::available()
 .text._ZN4File5closeEv
                0x00080b58       0x18 C:\Users\guyco\AppData\Local\Temp\VMBuilds\MonopolyCreditCard\arduino_due_x_dbg\SD\File.cpp.o
                0x00080b58                File::close()
 .text._ZN4FilecvbEv
                0x00080b70        0xe C:\Users\guyco\AppData\Local\Temp\VMBuilds\MonopolyCreditCard\arduino_due_x_dbg\SD\File.cpp.o
                0x00080b70                File::operator bool()
 *fill*         0x00080b7e        0x2 
 .text._Z19callback_pathExistsR6SdFilePcbPv
                0x00080b80       0x38 C:\Users\guyco\AppData\Local\Temp\VMBuilds\MonopolyCreditCard\arduino_due_x_dbg\SD\SD.cpp.o
                0x00080b80                callback_pathExists(SdFile&, char*, bool, void*)
 .text._Z15callback_removeR6SdFilePcbPv
                0x00080bb8       0x14 C:\Users\guyco\AppData\Local\Temp\VMBuilds\MonopolyCreditCard\arduino_due_x_dbg\SD\SD.cpp.o
                0x00080bb8                callback_remove(SdFile&, char*, bool, void*)
 .text._Z20getNextPathComponentPcPjS_
                0x00080bcc       0x40 C:\Users\guyco\AppData\Local\Temp\VMBuilds\MonopolyCreditCard\arduino_due_x_dbg\SD\SD.cpp.o
                0x00080bcc                getNextPathComponent(char*, unsigned int*, char*)
 .text._Z8walkPathPcR6SdFilePFbS1_S_bPvES2_
                0x00080c0c       0x9c C:\Users\guyco\AppData\Local\Temp\VMBuilds\MonopolyCreditCard\arduino_due_x_dbg\SD\SD.cpp.o
                0x00080c0c                walkPath(char*, SdFile&, bool (*)(SdFile&, char*, bool, void*), void*)
 .text._ZN7SDClass5beginEhaaa
                0x00080ca8       0x56 C:\Users\guyco\AppData\Local\Temp\VMBuilds\MonopolyCreditCard\arduino_due_x_dbg\SD\SD.cpp.o
                0x00080ca8                SDClass::begin(unsigned char, signed char, signed char, signed char)
 *fill*         0x00080cfe        0x2 
 .text._ZN6SdFileC2ERKS_
                0x00080d00       0x34 C:\Users\guyco\AppData\Local\Temp\VMBuilds\MonopolyCreditCard\arduino_due_x_dbg\SD\SD.cpp.o
                0x00080d00                SdFile::SdFile(SdFile const&)
                0x00080d00                SdFile::SdFile(SdFile const&)
 .text._ZN7SDClass12getParentDirEPKcPi
                0x00080d34       0xac C:\Users\guyco\AppData\Local\Temp\VMBuilds\MonopolyCreditCard\arduino_due_x_dbg\SD\SD.cpp.o
                0x00080d34                SDClass::getParentDir(char const*, int*)
 .text._ZN7SDClass4openEPKch
                0x00080de0       0xa4 C:\Users\guyco\AppData\Local\Temp\VMBuilds\MonopolyCreditCard\arduino_due_x_dbg\SD\SD.cpp.o
                0x00080de0                SDClass::open(char const*, unsigned char)
 .text._ZN7SDClass6existsEPc
                0x00080e84       0x14 C:\Users\guyco\AppData\Local\Temp\VMBuilds\MonopolyCreditCard\arduino_due_x_dbg\SD\SD.cpp.o
                0x00080e84                SDClass::exists(char*)
 .text._ZN7SDClass6removeEPc
                0x00080e98       0x14 C:\Users\guyco\AppData\Local\Temp\VMBuilds\MonopolyCreditCard\arduino_due_x_dbg\SD\SD.cpp.o
                0x00080e98                SDClass::remove(char*)
 .text.startup._GLOBAL__sub_I__Z20getNextPathComponentPcPjS_
                0x00080eac       0x28 C:\Users\guyco\AppData\Local\Temp\VMBuilds\MonopolyCreditCard\arduino_due_x_dbg\SD\SD.cpp.o
 .text._ZL7spiSendh
                0x00080ed4       0x8c C:\Users\guyco\AppData\Local\Temp\VMBuilds\MonopolyCreditCard\arduino_due_x_dbg\SD\utility\Sd2Card.cpp.o
 .text._ZL6spiRecv
                0x00080f60       0x8c C:\Users\guyco\AppData\Local\Temp\VMBuilds\MonopolyCreditCard\arduino_due_x_dbg\SD\utility\Sd2Card.cpp.o
 .text._ZN7Sd2Card14chipSelectHighEv
                0x00080fec        0x8 C:\Users\guyco\AppData\Local\Temp\VMBuilds\MonopolyCreditCard\arduino_due_x_dbg\SD\utility\Sd2Card.cpp.o
                0x00080fec                Sd2Card::chipSelectHigh()
 .text._ZN7Sd2Card13chipSelectLowEv
                0x00080ff4        0x8 C:\Users\guyco\AppData\Local\Temp\VMBuilds\MonopolyCreditCard\arduino_due_x_dbg\SD\utility\Sd2Card.cpp.o
                0x00080ff4                Sd2Card::chipSelectLow()
 .text._ZN7Sd2Card7readEndEv
                0x00080ffc       0x2a C:\Users\guyco\AppData\Local\Temp\VMBuilds\MonopolyCreditCard\arduino_due_x_dbg\SD\utility\Sd2Card.cpp.o
                0x00080ffc                Sd2Card::readEnd()
 *fill*         0x00081026        0x2 
 .text._ZN7Sd2Card10setSckRateEh
                0x00081028       0x44 C:\Users\guyco\AppData\Local\Temp\VMBuilds\MonopolyCreditCard\arduino_due_x_dbg\SD\utility\Sd2Card.cpp.o
                0x00081028                Sd2Card::setSckRate(unsigned char)
 .text._ZN7Sd2Card11waitNotBusyEt
                0x0008106c       0x28 C:\Users\guyco\AppData\Local\Temp\VMBuilds\MonopolyCreditCard\arduino_due_x_dbg\SD\utility\Sd2Card.cpp.o
                0x0008106c                Sd2Card::waitNotBusy(unsigned short)
 .text._ZN7Sd2Card11cardCommandEhm
                0x00081094       0x60 C:\Users\guyco\AppData\Local\Temp\VMBuilds\MonopolyCreditCard\arduino_due_x_dbg\SD\utility\Sd2Card.cpp.o
                0x00081094                Sd2Card::cardCommand(unsigned char, unsigned long)
 .text._ZN7Sd2Card4initEhhaaa
                0x000810f4      0x1f0 C:\Users\guyco\AppData\Local\Temp\VMBuilds\MonopolyCreditCard\arduino_due_x_dbg\SD\utility\Sd2Card.cpp.o
                0x000810f4                Sd2Card::init(unsigned char, unsigned char, signed char, signed char, signed char)
 .text._ZN7Sd2Card14waitStartBlockEv
                0x000812e4       0x3e C:\Users\guyco\AppData\Local\Temp\VMBuilds\MonopolyCreditCard\arduino_due_x_dbg\SD\utility\Sd2Card.cpp.o
                0x000812e4                Sd2Card::waitStartBlock()
 .text._ZN7Sd2Card8readDataEmttPh
                0x00081322       0xa4 C:\Users\guyco\AppData\Local\Temp\VMBuilds\MonopolyCreditCard\arduino_due_x_dbg\SD\utility\Sd2Card.cpp.o
                0x00081322                Sd2Card::readData(unsigned long, unsigned short, unsigned short, unsigned char*)
 .text._ZN7Sd2Card9readBlockEmPh
                0x000813c6       0x14 C:\Users\guyco\AppData\Local\Temp\VMBuilds\MonopolyCreditCard\arduino_due_x_dbg\SD\utility\Sd2Card.cpp.o
                0x000813c6                Sd2Card::readBlock(unsigned long, unsigned char*)
 .text._ZN7Sd2Card9writeDataEhPKh
                0x000813da       0x7a C:\Users\guyco\AppData\Local\Temp\VMBuilds\MonopolyCreditCard\arduino_due_x_dbg\SD\utility\Sd2Card.cpp.o
                0x000813da                Sd2Card::writeData(unsigned char, unsigned char const*)
 .text._ZN7Sd2Card10writeBlockEmPKh
                0x00081454       0x6c C:\Users\guyco\AppData\Local\Temp\VMBuilds\MonopolyCreditCard\arduino_due_x_dbg\SD\utility\Sd2Card.cpp.o
                0x00081454                Sd2Card::writeBlock(unsigned long, unsigned char const*)
 .text._ZN6SdFile10addClusterEv
                0x000814c0       0x26 C:\Users\guyco\AppData\Local\Temp\VMBuilds\MonopolyCreditCard\arduino_due_x_dbg\SD\utility\SdFile.cpp.o
                0x000814c0                SdFile::addCluster()
 .text._ZN6SdFile13addDirClusterEv
                0x000814e6       0x46 C:\Users\guyco\AppData\Local\Temp\VMBuilds\MonopolyCreditCard\arduino_due_x_dbg\SD\utility\SdFile.cpp.o
                0x000814e6                SdFile::addDirCluster()
 .text._ZN6SdFile13cacheDirEntryEh
                0x0008152c       0x1c C:\Users\guyco\AppData\Local\Temp\VMBuilds\MonopolyCreditCard\arduino_due_x_dbg\SD\utility\SdFile.cpp.o
                0x0008152c                SdFile::cacheDirEntry(unsigned char)
 .text._ZN6SdFile10make83NameEPKcPh
                0x00081548       0x98 C:\Users\guyco\AppData\Local\Temp\VMBuilds\MonopolyCreditCard\arduino_due_x_dbg\SD\utility\SdFile.cpp.o
                0x00081548                SdFile::make83Name(char const*, unsigned char*)
 .text._ZN6SdFile8openRootEP8SdVolume
                0x000815e0       0x50 C:\Users\guyco\AppData\Local\Temp\VMBuilds\MonopolyCreditCard\arduino_due_x_dbg\SD\utility\SdFile.cpp.o
                0x000815e0                SdFile::openRoot(SdVolume*)
 .text._ZN6SdFile4readEPvt
                0x00081630      0x104 C:\Users\guyco\AppData\Local\Temp\VMBuilds\MonopolyCreditCard\arduino_due_x_dbg\SD\utility\SdFile.cpp.o
                0x00081630                SdFile::read(void*, unsigned short)
 .text._ZN6SdFile12readDirCacheEv
                0x00081734       0x44 C:\Users\guyco\AppData\Local\Temp\VMBuilds\MonopolyCreditCard\arduino_due_x_dbg\SD\utility\SdFile.cpp.o
                0x00081734                SdFile::readDirCache()
 .text._ZN6SdFile7seekSetEm
                0x00081778       0x5e C:\Users\guyco\AppData\Local\Temp\VMBuilds\MonopolyCreditCard\arduino_due_x_dbg\SD\utility\SdFile.cpp.o
                0x00081778                SdFile::seekSet(unsigned long)
 *fill*         0x000817d6        0x2 
 .text._ZN6SdFile4syncEv
                0x000817d8       0x58 C:\Users\guyco\AppData\Local\Temp\VMBuilds\MonopolyCreditCard\arduino_due_x_dbg\SD\utility\SdFile.cpp.o
                0x000817d8                SdFile::sync()
 .text._ZN6SdFile5closeEv
                0x00081830       0x12 C:\Users\guyco\AppData\Local\Temp\VMBuilds\MonopolyCreditCard\arduino_due_x_dbg\SD\utility\SdFile.cpp.o
                0x00081830                SdFile::close()
 *fill*         0x00081842        0x2 
 .text._ZN6SdFile8truncateEm
                0x00081844       0xb0 C:\Users\guyco\AppData\Local\Temp\VMBuilds\MonopolyCreditCard\arduino_due_x_dbg\SD\utility\SdFile.cpp.o
                0x00081844                SdFile::truncate(unsigned long)
 .text._ZN6SdFile15openCachedEntryEhh
                0x000818f4       0x7c C:\Users\guyco\AppData\Local\Temp\VMBuilds\MonopolyCreditCard\arduino_due_x_dbg\SD\utility\SdFile.cpp.o
                0x000818f4                SdFile::openCachedEntry(unsigned char, unsigned char)
 .text._ZN6SdFile4openEPS_PKch
                0x00081970      0x110 C:\Users\guyco\AppData\Local\Temp\VMBuilds\MonopolyCreditCard\arduino_due_x_dbg\SD\utility\SdFile.cpp.o
                0x00081970                SdFile::open(SdFile*, char const*, unsigned char)
 .text._ZN6SdFile6removeEv
                0x00081a80       0x2a C:\Users\guyco\AppData\Local\Temp\VMBuilds\MonopolyCreditCard\arduino_due_x_dbg\SD\utility\SdFile.cpp.o
                0x00081a80                SdFile::remove()
 *fill*         0x00081aaa        0x2 
 .text._ZN6SdFile6removeEPS_PKc
                0x00081aac       0x30 C:\Users\guyco\AppData\Local\Temp\VMBuilds\MonopolyCreditCard\arduino_due_x_dbg\SD\utility\SdFile.cpp.o
                0x00081aac                SdFile::remove(SdFile*, char const*)
 .text._ZN6SdFile5writeEPKvt
                0x00081adc      0x194 C:\Users\guyco\AppData\Local\Temp\VMBuilds\MonopolyCreditCard\arduino_due_x_dbg\SD\utility\SdFile.cpp.o
                0x00081adc                SdFile::write(void const*, unsigned short)
 .text._ZN6SdFile5writeEh
                0x00081c70       0x16 C:\Users\guyco\AppData\Local\Temp\VMBuilds\MonopolyCreditCard\arduino_due_x_dbg\SD\utility\SdFile.cpp.o
                0x00081c70                SdFile::write(unsigned char)
 *fill*         0x00081c86        0x2 
 .text._ZN8SdVolume10cacheFlushEv
                0x00081c88       0x4c C:\Users\guyco\AppData\Local\Temp\VMBuilds\MonopolyCreditCard\arduino_due_x_dbg\SD\utility\SdVolume.cpp.o
                0x00081c88                SdVolume::cacheFlush()
 .text._ZN8SdVolume13cacheRawBlockEmh
                0x00081cd4       0x48 C:\Users\guyco\AppData\Local\Temp\VMBuilds\MonopolyCreditCard\arduino_due_x_dbg\SD\utility\SdVolume.cpp.o
                0x00081cd4                SdVolume::cacheRawBlock(unsigned long, unsigned char)
 .text._ZN8SdVolume14cacheZeroBlockEm
                0x00081d1c       0x38 C:\Users\guyco\AppData\Local\Temp\VMBuilds\MonopolyCreditCard\arduino_due_x_dbg\SD\utility\SdVolume.cpp.o
                0x00081d1c                SdVolume::cacheZeroBlock(unsigned long)
 .text._ZNK8SdVolume6fatGetEmPm
                0x00081d54       0x64 C:\Users\guyco\AppData\Local\Temp\VMBuilds\MonopolyCreditCard\arduino_due_x_dbg\SD\utility\SdVolume.cpp.o
                0x00081d54                SdVolume::fatGet(unsigned long, unsigned long*) const
 .text._ZNK8SdVolume9chainSizeEmPm
                0x00081db8       0x44 C:\Users\guyco\AppData\Local\Temp\VMBuilds\MonopolyCreditCard\arduino_due_x_dbg\SD\utility\SdVolume.cpp.o
                0x00081db8                SdVolume::chainSize(unsigned long, unsigned long*) const
 .text._ZN8SdVolume6fatPutEmm
                0x00081dfc       0x84 C:\Users\guyco\AppData\Local\Temp\VMBuilds\MonopolyCreditCard\arduino_due_x_dbg\SD\utility\SdVolume.cpp.o
                0x00081dfc                SdVolume::fatPut(unsigned long, unsigned long)
 .text._ZN8SdVolume15allocContiguousEmPm
                0x00081e80       0xb4 C:\Users\guyco\AppData\Local\Temp\VMBuilds\MonopolyCreditCard\arduino_due_x_dbg\SD\utility\SdVolume.cpp.o
                0x00081e80                SdVolume::allocContiguous(unsigned long, unsigned long*)
 .text._ZN8SdVolume9freeChainEm
                0x00081f34       0x48 C:\Users\guyco\AppData\Local\Temp\VMBuilds\MonopolyCreditCard\arduino_due_x_dbg\SD\utility\SdVolume.cpp.o
                0x00081f34                SdVolume::freeChain(unsigned long)
 .text._ZN8SdVolume4initEP7Sd2Cardh
                0x00081f7c       0xf4 C:\Users\guyco\AppData\Local\Temp\VMBuilds\MonopolyCreditCard\arduino_due_x_dbg\SD\utility\SdVolume.cpp.o
                0x00081f7c                SdVolume::init(Sd2Card*, unsigned char)
 .text.startup._GLOBAL__sub_I_lcd
                0x00082070       0x1c C:\Users\guyco\AppData\Local\Temp\VMBuilds\MonopolyCreditCard\arduino_due_x_dbg\Display_Interface.cpp.o
 .text._Z7SD_INITcccc
                0x0008208c       0x2c C:\Users\guyco\AppData\Local\Temp\VMBuilds\MonopolyCreditCard\arduino_due_x_dbg\SD_Interface.cpp.o
                0x0008208c                SD_INIT(char, char, char, char)
 .text._Z13Delete_PlayerP12SD_Interface
                0x000820b8       0x10 C:\Users\guyco\AppData\Local\Temp\VMBuilds\MonopolyCreditCard\arduino_due_x_dbg\SD_Interface.cpp.o
                0x000820b8                Delete_Player(SD_Interface*)
 .text._ZN4FileaSERKS_
                0x000820c8       0x28 C:\Users\guyco\AppData\Local\Temp\VMBuilds\MonopolyCreditCard\arduino_due_x_dbg\SD_Interface.cpp.o
                0x000820c8                File::operator=(File const&)
 .text._Z12Manage_MoneyP12SD_Interfacelc
                0x000820f0       0xdc C:\Users\guyco\AppData\Local\Temp\VMBuilds\MonopolyCreditCard\arduino_due_x_dbg\SD_Interface.cpp.o
                0x000820f0                Manage_Money(SD_Interface*, long, char)
 .text._Z9Get_MoneyP12SD_Interface
                0x000821cc      0x100 C:\Users\guyco\AppData\Local\Temp\VMBuilds\MonopolyCreditCard\arduino_due_x_dbg\SD_Interface.cpp.o
                0x000821cc                Get_Money(SD_Interface*)
 .text._Z13Get_SD_StructPcP12SD_Interface
                0x000822cc      0x128 C:\Users\guyco\AppData\Local\Temp\VMBuilds\MonopolyCreditCard\arduino_due_x_dbg\SD_Interface.cpp.o
                0x000822cc                Get_SD_Struct(char*, SD_Interface*)
 .text._Z11serialEventv
                0x000823f4        0x2 C:\Users\guyco\AppData\Local\Temp\VMBuilds\MonopolyCreditCard\arduino_due_x_dbg\variant\variant.cpp.o
                0x000823f4                serialEvent()
 *fill*         0x000823f6        0x2 
 .text.UART_Handler
                0x000823f8        0xc C:\Users\guyco\AppData\Local\Temp\VMBuilds\MonopolyCreditCard\arduino_due_x_dbg\variant\variant.cpp.o
                0x000823f8                UART_Handler
 .text._Z12serialEvent1v
                0x00082404        0x2 C:\Users\guyco\AppData\Local\Temp\VMBuilds\MonopolyCreditCard\arduino_due_x_dbg\variant\variant.cpp.o
                0x00082404                serialEvent1()
 .text._Z12serialEvent2v
                0x00082406        0x2 C:\Users\guyco\AppData\Local\Temp\VMBuilds\MonopolyCreditCard\arduino_due_x_dbg\variant\variant.cpp.o
                0x00082406                serialEvent2()
 .text._Z12serialEvent3v
                0x00082408        0x2 C:\Users\guyco\AppData\Local\Temp\VMBuilds\MonopolyCreditCard\arduino_due_x_dbg\variant\variant.cpp.o
                0x00082408                serialEvent3()
 *fill*         0x0008240a        0x2 
 .text.USART0_Handler
                0x0008240c        0xc C:\Users\guyco\AppData\Local\Temp\VMBuilds\MonopolyCreditCard\arduino_due_x_dbg\variant\variant.cpp.o
                0x0008240c                USART0_Handler
 .text.USART1_Handler
                0x00082418        0xc C:\Users\guyco\AppData\Local\Temp\VMBuilds\MonopolyCreditCard\arduino_due_x_dbg\variant\variant.cpp.o
                0x00082418                USART1_Handler
 .text.USART3_Handler
                0x00082424        0xc C:\Users\guyco\AppData\Local\Temp\VMBuilds\MonopolyCreditCard\arduino_due_x_dbg\variant\variant.cpp.o
                0x00082424                USART3_Handler
 .text.init     0x00082430      0x128 C:\Users\guyco\AppData\Local\Temp\VMBuilds\MonopolyCreditCard\arduino_due_x_dbg\variant\variant.cpp.o
                0x00082430                init
 .text.startup._GLOBAL__sub_I_g_APinDescription
                0x00082558       0xd4 C:\Users\guyco\AppData\Local\Temp\VMBuilds\MonopolyCreditCard\arduino_due_x_dbg\variant\variant.cpp.o
 .text._Z14serialEventRunv
                0x0008262c       0x44 C:\Users\guyco\AppData\Local\Temp\VMBuilds\MonopolyCreditCard\arduino_due_x_dbg\variant\variant.cpp.o
                0x0008262c                serialEventRun()
 .text.PIO_PullUp
                0x00082670        0xa C:\Users\guyco\AppData\Local\arduino15\packages\arduino\hardware\sam\1.6.7\variants\arduino_due_x/libsam_sam3x8e_gcc_rel.a(pio.o)
                0x00082670                PIO_PullUp
 .text.PIO_SetPeripheral
                0x0008267a       0x26 C:\Users\guyco\AppData\Local\arduino15\packages\arduino\hardware\sam\1.6.7\variants\arduino_due_x/libsam_sam3x8e_gcc_rel.a(pio.o)
                0x0008267a                PIO_SetPeripheral
 .text.PIO_SetInput
                0x000826a0       0x26 C:\Users\guyco\AppData\Local\arduino15\packages\arduino\hardware\sam\1.6.7\variants\arduino_due_x/libsam_sam3x8e_gcc_rel.a(pio.o)
                0x000826a0                PIO_SetInput
 .text.PIO_SetOutput
                0x000826c6       0x24 C:\Users\guyco\AppData\Local\arduino15\packages\arduino\hardware\sam\1.6.7\variants\arduino_due_x/libsam_sam3x8e_gcc_rel.a(pio.o)
                0x000826c6                PIO_SetOutput
 *fill*         0x000826ea        0x2 
 .text.PIO_Configure
                0x000826ec       0x64 C:\Users\guyco\AppData\Local\arduino15\packages\arduino\hardware\sam\1.6.7\variants\arduino_due_x/libsam_sam3x8e_gcc_rel.a(pio.o)
                0x000826ec                PIO_Configure
 .text.PIO_GetOutputDataStatus
                0x00082750       0x14 C:\Users\guyco\AppData\Local\arduino15\packages\arduino\hardware\sam\1.6.7\variants\arduino_due_x/libsam_sam3x8e_gcc_rel.a(pio.o)
                0x00082750                PIO_GetOutputDataStatus
 .text.pmc_enable_upll_clock
                0x00082764       0x14 C:\Users\guyco\AppData\Local\arduino15\packages\arduino\hardware\sam\1.6.7\variants\arduino_due_x/libsam_sam3x8e_gcc_rel.a(pmc.o)
                0x00082764                pmc_enable_upll_clock
 .text.pmc_enable_periph_clk
                0x00082778       0x44 C:\Users\guyco\AppData\Local\arduino15\packages\arduino\hardware\sam\1.6.7\variants\arduino_due_x/libsam_sam3x8e_gcc_rel.a(pmc.o)
                0x00082778                pmc_enable_periph_clk
 .text.pmc_disable_periph_clk
                0x000827bc       0x40 C:\Users\guyco\AppData\Local\arduino15\packages\arduino\hardware\sam\1.6.7\variants\arduino_due_x/libsam_sam3x8e_gcc_rel.a(pmc.o)
                0x000827bc                pmc_disable_periph_clk
 .text.pmc_switch_udpck_to_upllck
                0x000827fc       0x14 C:\Users\guyco\AppData\Local\arduino15\packages\arduino\hardware\sam\1.6.7\variants\arduino_due_x/libsam_sam3x8e_gcc_rel.a(pmc.o)
                0x000827fc                pmc_switch_udpck_to_upllck
 .text.pmc_enable_udpck
                0x00082810        0xc C:\Users\guyco\AppData\Local\arduino15\packages\arduino\hardware\sam\1.6.7\variants\arduino_due_x/libsam_sam3x8e_gcc_rel.a(pmc.o)
                0x00082810                pmc_enable_udpck
 .text.SPI_Enable
                0x0008281c        0x6 C:\Users\guyco\AppData\Local\arduino15\packages\arduino\hardware\sam\1.6.7\variants\arduino_due_x/libsam_sam3x8e_gcc_rel.a(spi.o)
                0x0008281c                SPI_Enable
 *fill*         0x00082822        0x2 
 .text.SPI_Configure
                0x00082824       0x20 C:\Users\guyco\AppData\Local\arduino15\packages\arduino\hardware\sam\1.6.7\variants\arduino_due_x/libsam_sam3x8e_gcc_rel.a(spi.o)
                0x00082824                SPI_Configure
 .text.SPI_ConfigureNPCS
                0x00082844        0x8 C:\Users\guyco\AppData\Local\arduino15\packages\arduino\hardware\sam\1.6.7\variants\arduino_due_x/libsam_sam3x8e_gcc_rel.a(spi.o)
                0x00082844                SPI_ConfigureNPCS
 .text.TWI_SetClock
                0x0008284c       0x58 C:\Users\guyco\AppData\Local\arduino15\packages\arduino\hardware\sam\1.6.7\variants\arduino_due_x/libsam_sam3x8e_gcc_rel.a(twi.o)
                0x0008284c                TWI_SetClock
 .text.TWI_Disable
                0x000828a4       0x2c C:\Users\guyco\AppData\Local\arduino15\packages\arduino\hardware\sam\1.6.7\variants\arduino_due_x/libsam_sam3x8e_gcc_rel.a(twi.o)
                0x000828a4                TWI_Disable
 .text.TWI_ConfigureMaster
                0x000828d0       0x48 C:\Users\guyco\AppData\Local\arduino15\packages\arduino\hardware\sam\1.6.7\variants\arduino_due_x/libsam_sam3x8e_gcc_rel.a(twi.o)
                0x000828d0                TWI_ConfigureMaster
 .text.TWI_Stop
                0x00082918       0x28 C:\Users\guyco\AppData\Local\arduino15\packages\arduino\hardware\sam\1.6.7\variants\arduino_due_x/libsam_sam3x8e_gcc_rel.a(twi.o)
                0x00082918                TWI_Stop
 .text.TWI_ReadByte
                0x00082940       0x28 C:\Users\guyco\AppData\Local\arduino15\packages\arduino\hardware\sam\1.6.7\variants\arduino_due_x/libsam_sam3x8e_gcc_rel.a(twi.o)
                0x00082940                TWI_ReadByte
 .text.TWI_WriteByte
                0x00082968       0x24 C:\Users\guyco\AppData\Local\arduino15\packages\arduino\hardware\sam\1.6.7\variants\arduino_due_x/libsam_sam3x8e_gcc_rel.a(twi.o)
                0x00082968                TWI_WriteByte
 .text.TWI_StartWrite
                0x0008298c       0x7c C:\Users\guyco\AppData\Local\arduino15\packages\arduino\hardware\sam\1.6.7\variants\arduino_due_x/libsam_sam3x8e_gcc_rel.a(twi.o)
                0x0008298c                TWI_StartWrite
 .text.TWI_EnableIt
                0x00082a08       0x40 C:\Users\guyco\AppData\Local\arduino15\packages\arduino\hardware\sam\1.6.7\variants\arduino_due_x/libsam_sam3x8e_gcc_rel.a(twi.o)
                0x00082a08                TWI_EnableIt
 .text.TWI_DisableIt
                0x00082a48       0x40 C:\Users\guyco\AppData\Local\arduino15\packages\arduino\hardware\sam\1.6.7\variants\arduino_due_x/libsam_sam3x8e_gcc_rel.a(twi.o)
                0x00082a48                TWI_DisableIt
 .text.TWI_GetStatus
                0x00082a88       0x28 C:\Users\guyco\AppData\Local\arduino15\packages\arduino\hardware\sam\1.6.7\variants\arduino_due_x/libsam_sam3x8e_gcc_rel.a(twi.o)
                0x00082a88                TWI_GetStatus
 .text.SystemInit
                0x00082ab0       0x88 C:\Users\guyco\AppData\Local\arduino15\packages\arduino\hardware\sam\1.6.7\variants\arduino_due_x/libsam_sam3x8e_gcc_rel.a(system_sam3xa.o)
                0x00082ab0                SystemInit
 .text.Reset_Handler
                0x00082b38       0x78 C:\Users\guyco\AppData\Local\arduino15\packages\arduino\hardware\sam\1.6.7\variants\arduino_due_x/libsam_sam3x8e_gcc_rel.a(startup_sam3xa.o)
                0x00082b38                Reset_Handler
 .text.adc_init
                0x00082bb0       0x98 C:\Users\guyco\AppData\Local\arduino15\packages\arduino\hardware\sam\1.6.7\variants\arduino_due_x/libsam_sam3x8e_gcc_rel.a(adc.o)
                0x00082bb0                adc_init
 .text.adc_configure_trigger
                0x00082c48        0xe C:\Users\guyco\AppData\Local\arduino15\packages\arduino\hardware\sam\1.6.7\variants\arduino_due_x/libsam_sam3x8e_gcc_rel.a(adc.o)
                0x00082c48                adc_configure_trigger
 .text.adc_configure_timing
                0x00082c56       0x1a C:\Users\guyco\AppData\Local\arduino15\packages\arduino\hardware\sam\1.6.7\variants\arduino_due_x/libsam_sam3x8e_gcc_rel.a(adc.o)
                0x00082c56                adc_configure_timing
 .text.adc_disable_channel
                0x00082c70        0xa C:\Users\guyco\AppData\Local\arduino15\packages\arduino\hardware\sam\1.6.7\variants\arduino_due_x/libsam_sam3x8e_gcc_rel.a(adc.o)
                0x00082c70                adc_disable_channel
 .text.adc_disable_all_channel
                0x00082c7a        0x8 C:\Users\guyco\AppData\Local\arduino15\packages\arduino\hardware\sam\1.6.7\variants\arduino_due_x/libsam_sam3x8e_gcc_rel.a(adc.o)
                0x00082c7a                adc_disable_all_channel
 .text.adc_disable_interrupt
                0x00082c82        0x4 C:\Users\guyco\AppData\Local\arduino15\packages\arduino\hardware\sam\1.6.7\variants\arduino_due_x/libsam_sam3x8e_gcc_rel.a(adc.o)
                0x00082c82                adc_disable_interrupt
 *fill*         0x00082c86        0x2 
 .text.UOTGHS_Handler
                0x00082c88       0x10 C:\Users\guyco\AppData\Local\arduino15\packages\arduino\hardware\sam\1.6.7\variants\arduino_due_x/libsam_sam3x8e_gcc_rel.a(uotghs.o)
                0x00082c88                UOTGHS_Handler
 .text.__halt   0x00082c98        0x2 C:\Users\guyco\AppData\Local\Temp\VMBuilds\MonopolyCreditCard\arduino_due_x_dbg/core.a(cortex_handlers.c.o)
                0x00082c98                DACC_Handler
                0x00082c98                DebugMon_Handler
                0x00082c98                DMAC_Handler
                0x00082c98                TRNG_Handler
                0x00082c98                HardFault_Handler
                0x00082c98                TC2_Handler
                0x00082c98                NMI_Handler
                0x00082c98                TC7_Handler
                0x00082c98                ADC_Handler
                0x00082c98                SMC_Handler
                0x00082c98                RTT_Handler
                0x00082c98                EFC1_Handler
                0x00082c98                PIOB_Handler
                0x00082c98                RTC_Handler
                0x00082c98                UsageFault_Handler
                0x00082c98                TC6_Handler
                0x00082c98                WDT_Handler
                0x00082c98                CAN0_Handler
                0x00082c98                TC4_Handler
                0x00082c98                TC1_Handler
                0x00082c98                HSMCI_Handler
                0x00082c98                TC3_Handler
                0x00082c98                PIOA_Handler
                0x00082c98                SSC_Handler
                0x00082c98                EFC0_Handler
                0x00082c98                PMC_Handler
                0x00082c98                PWM_Handler
                0x00082c98                CAN1_Handler
                0x00082c98                MemManage_Handler
                0x00082c98                SUPC_Handler
                0x00082c98                TC8_Handler
                0x00082c98                USART2_Handler
                0x00082c98                PIOD_Handler
                0x00082c98                EMAC_Handler
                0x00082c98                PIOC_Handler
                0x00082c98                BusFault_Handler
                0x00082c98                RSTC_Handler
                0x00082c98                TC0_Handler
                0x00082c98                TC5_Handler
                0x00082c98                SPI0_Handler
 .text.SVC_Handler
                0x00082c9a        0x4 C:\Users\guyco\AppData\Local\Temp\VMBuilds\MonopolyCreditCard\arduino_due_x_dbg/core.a(cortex_handlers.c.o)
                0x00082c9a                SVC_Handler
 .text.PendSV_Handler
                0x00082c9e        0x4 C:\Users\guyco\AppData\Local\Temp\VMBuilds\MonopolyCreditCard\arduino_due_x_dbg/core.a(cortex_handlers.c.o)
                0x00082c9e                PendSV_Handler
 .text.SysTick_Handler
                0x00082ca2       0x16 C:\Users\guyco\AppData\Local\Temp\VMBuilds\MonopolyCreditCard\arduino_due_x_dbg/core.a(cortex_handlers.c.o)
                0x00082ca2                SysTick_Handler
 .text.__empty  0x00082cb8        0x2 C:\Users\guyco\AppData\Local\Temp\VMBuilds\MonopolyCreditCard\arduino_due_x_dbg/core.a(hooks.c.o)
                0x00082cb8                yield
 .text.__false  0x00082cba        0x4 C:\Users\guyco\AppData\Local\Temp\VMBuilds\MonopolyCreditCard\arduino_due_x_dbg/core.a(hooks.c.o)
                0x00082cba                sysTickHook
 .text.__halt   0x00082cbe        0x2 C:\Users\guyco\AppData\Local\Temp\VMBuilds\MonopolyCreditCard\arduino_due_x_dbg/core.a(hooks.c.o)
                0x00082cbe                svcHook
                0x00082cbe                pendSVHook
 .text.millis   0x00082cc0        0x4 C:\Users\guyco\AppData\Local\Temp\VMBuilds\MonopolyCreditCard\arduino_due_x_dbg/core.a(wiring.c.o)
                0x00082cc0                millis
 .text.delay    0x00082cc4       0x1c C:\Users\guyco\AppData\Local\Temp\VMBuilds\MonopolyCreditCard\arduino_due_x_dbg/core.a(wiring.c.o)
                0x00082cc4                delay
 .text.analogOutputInit
                0x00082ce0        0x2 C:\Users\guyco\AppData\Local\Temp\VMBuilds\MonopolyCreditCard\arduino_due_x_dbg/core.a(wiring_analog.c.o)
                0x00082ce0                analogOutputInit
 *fill*         0x00082ce2        0x2 
 .text.pinMode  0x00082ce4      0x108 C:\Users\guyco\AppData\Local\Temp\VMBuilds\MonopolyCreditCard\arduino_due_x_dbg/core.a(wiring_digital.c.o)
                0x00082ce4                pinMode
 .text.digitalWrite
                0x00082dec       0x70 C:\Users\guyco\AppData\Local\Temp\VMBuilds\MonopolyCreditCard\arduino_due_x_dbg/core.a(wiring_digital.c.o)
                0x00082dec                digitalWrite
 .text.initVariant
                0x00082e5c        0x2 C:\Users\guyco\AppData\Local\Temp\VMBuilds\MonopolyCreditCard\arduino_due_x_dbg/core.a(main.cpp.o)
                0x00082e5c                initVariant
 *fill*         0x00082e5e        0x2 
 .text.startup.main
                0x00082e60       0x38 C:\Users\guyco\AppData\Local\Temp\VMBuilds\MonopolyCreditCard\arduino_due_x_dbg/core.a(main.cpp.o)
                0x00082e60                main
 .text._ZN5Print5writeEPKhj
                0x00082e98       0x22 C:\Users\guyco\AppData\Local\Temp\VMBuilds\MonopolyCreditCard\arduino_due_x_dbg/core.a(Print.cpp.o)
                0x00082e98                Print::write(unsigned char const*, unsigned int)
 .text._ZN5Print5writeEPKc
                0x00082eba       0x1e C:\Users\guyco\AppData\Local\Temp\VMBuilds\MonopolyCreditCard\arduino_due_x_dbg/core.a(Print.cpp.o)
                0x00082eba                Print::write(char const*)
 .text._ZN5Print5printEPKc
                0x00082ed8        0x8 C:\Users\guyco\AppData\Local\Temp\VMBuilds\MonopolyCreditCard\arduino_due_x_dbg/core.a(Print.cpp.o)
                0x00082ed8                Print::print(char const*)
 .text._ZN5Print5printEc
                0x00082ee0        0xa C:\Users\guyco\AppData\Local\Temp\VMBuilds\MonopolyCreditCard\arduino_due_x_dbg/core.a(Print.cpp.o)
                0x00082ee0                Print::print(char)
 *fill*         0x00082eea        0x2 
 .text._ZN5Print7printlnEv
                0x00082eec       0x10 C:\Users\guyco\AppData\Local\Temp\VMBuilds\MonopolyCreditCard\arduino_due_x_dbg/core.a(Print.cpp.o)
                0x00082eec                Print::println()
 .text._ZN5Print7printlnEPKc
                0x00082efc       0x14 C:\Users\guyco\AppData\Local\Temp\VMBuilds\MonopolyCreditCard\arduino_due_x_dbg/core.a(Print.cpp.o)
                0x00082efc                Print::println(char const*)
 .text._ZN5Print7printlnEc
                0x00082f10       0x14 C:\Users\guyco\AppData\Local\Temp\VMBuilds\MonopolyCreditCard\arduino_due_x_dbg/core.a(Print.cpp.o)
                0x00082f10                Print::println(char)
 .text._ZN5Print11printNumberEmh
                0x00082f24       0x3e C:\Users\guyco\AppData\Local\Temp\VMBuilds\MonopolyCreditCard\arduino_due_x_dbg/core.a(Print.cpp.o)
                0x00082f24                Print::printNumber(unsigned long, unsigned char)
 .text._ZN5Print5printEli
                0x00082f62       0x3c C:\Users\guyco\AppData\Local\Temp\VMBuilds\MonopolyCreditCard\arduino_due_x_dbg/core.a(Print.cpp.o)
                0x00082f62                Print::print(long, int)
 .text._ZN5Print5printEii
                0x00082f9e        0x4 C:\Users\guyco\AppData\Local\Temp\VMBuilds\MonopolyCreditCard\arduino_due_x_dbg/core.a(Print.cpp.o)
                0x00082f9e                Print::print(int, int)
 .text._ZN5Print7printlnEli
                0x00082fa2       0x14 C:\Users\guyco\AppData\Local\Temp\VMBuilds\MonopolyCreditCard\arduino_due_x_dbg/core.a(Print.cpp.o)
                0x00082fa2                Print::println(long, int)
 *fill*         0x00082fb6        0x2 
 .text.initiateReset
                0x00082fb8        0xc C:\Users\guyco\AppData\Local\Temp\VMBuilds\MonopolyCreditCard\arduino_due_x_dbg/core.a(Reset.cpp.o)
                0x00082fb8                initiateReset
 .text.cancelReset
                0x00082fc4       0x10 C:\Users\guyco\AppData\Local\Temp\VMBuilds\MonopolyCreditCard\arduino_due_x_dbg/core.a(Reset.cpp.o)
                0x00082fc4                cancelReset
 .text.tickReset
                0x00082fd4       0x20 C:\Users\guyco\AppData\Local\Temp\VMBuilds\MonopolyCreditCard\arduino_due_x_dbg/core.a(Reset.cpp.o)
                0x00082fd4                tickReset
 .text._ZN10RingBufferC2Ev
                0x00082ff4       0x1a C:\Users\guyco\AppData\Local\Temp\VMBuilds\MonopolyCreditCard\arduino_due_x_dbg/core.a(RingBuffer.cpp.o)
                0x00082ff4                RingBuffer::RingBuffer()
                0x00082ff4                RingBuffer::RingBuffer()
 .text._ZN10RingBuffer10store_charEh
                0x0008300e       0x1e C:\Users\guyco\AppData\Local\Temp\VMBuilds\MonopolyCreditCard\arduino_due_x_dbg/core.a(RingBuffer.cpp.o)
                0x0008300e                RingBuffer::store_char(unsigned char)
 .text._ZN6Stream9timedPeekEv
                0x0008302c       0x2a C:\Users\guyco\AppData\Local\Temp\VMBuilds\MonopolyCreditCard\arduino_due_x_dbg/core.a(Stream.cpp.o)
                0x0008302c                Stream::timedPeek()
 *fill*         0x00083056        0x2 
 .text._ZN6Stream13peekNextDigitE13LookaheadModeb
                0x00083058       0x54 C:\Users\guyco\AppData\Local\Temp\VMBuilds\MonopolyCreditCard\arduino_due_x_dbg/core.a(Stream.cpp.o)
                0x00083058                Stream::peekNextDigit(LookaheadMode, bool)
 .text._ZN6Stream8parseIntE13LookaheadModec
                0x000830ac       0x58 C:\Users\guyco\AppData\Local\Temp\VMBuilds\MonopolyCreditCard\arduino_due_x_dbg/core.a(Stream.cpp.o)
                0x000830ac                Stream::parseInt(LookaheadMode, char)
 .text._ZN9UARTClasscvbEv
                0x00083104        0x4 C:\Users\guyco\AppData\Local\Temp\VMBuilds\MonopolyCreditCard\arduino_due_x_dbg/core.a(UARTClass.cpp.o)
                0x00083104                UARTClass::operator bool()
 .text._ZN9UARTClass9availableEv
                0x00083108       0x12 C:\Users\guyco\AppData\Local\Temp\VMBuilds\MonopolyCreditCard\arduino_due_x_dbg/core.a(UARTClass.cpp.o)
                0x00083108                UARTClass::available()
 .text._ZN9UARTClass4peekEv
                0x0008311a       0x1c C:\Users\guyco\AppData\Local\Temp\VMBuilds\MonopolyCreditCard\arduino_due_x_dbg/core.a(UARTClass.cpp.o)
                0x0008311a                UARTClass::peek()
 .text._ZN9UARTClass4readEv
                0x00083136       0x2a C:\Users\guyco\AppData\Local\Temp\VMBuilds\MonopolyCreditCard\arduino_due_x_dbg/core.a(UARTClass.cpp.o)
                0x00083136                UARTClass::read()
 .text._ZN9UARTClass5flushEv
                0x00083160       0x18 C:\Users\guyco\AppData\Local\Temp\VMBuilds\MonopolyCreditCard\arduino_due_x_dbg/core.a(UARTClass.cpp.o)
                0x00083160                UARTClass::flush()
 .text._ZN9UARTClass5writeEh
                0x00083178       0x54 C:\Users\guyco\AppData\Local\Temp\VMBuilds\MonopolyCreditCard\arduino_due_x_dbg/core.a(UARTClass.cpp.o)
                0x00083178                UARTClass::write(unsigned char)
 .text._ZN9UARTClass3endEv
                0x000831cc       0x3c C:\Users\guyco\AppData\Local\Temp\VMBuilds\MonopolyCreditCard\arduino_due_x_dbg/core.a(UARTClass.cpp.o)
                0x000831cc                UARTClass::end()
 .text._ZN9UARTClassC2EP4Uart4IRQnmP10RingBufferS4_
                0x00083208       0x24 C:\Users\guyco\AppData\Local\Temp\VMBuilds\MonopolyCreditCard\arduino_due_x_dbg/core.a(UARTClass.cpp.o)
                0x00083208                UARTClass::UARTClass(Uart*, IRQn, unsigned long, RingBuffer*, RingBuffer*)
                0x00083208                UARTClass::UARTClass(Uart*, IRQn, unsigned long, RingBuffer*, RingBuffer*)
 .text._ZN9UARTClass4initEmm
                0x0008322c       0x70 C:\Users\guyco\AppData\Local\Temp\VMBuilds\MonopolyCreditCard\arduino_due_x_dbg/core.a(UARTClass.cpp.o)
                0x0008322c                UARTClass::init(unsigned long, unsigned long)
 .text._ZN9UARTClass5beginEm
                0x0008329c        0x8 C:\Users\guyco\AppData\Local\Temp\VMBuilds\MonopolyCreditCard\arduino_due_x_dbg/core.a(UARTClass.cpp.o)
                0x0008329c                UARTClass::begin(unsigned long)
 .text._ZN9UARTClass10IrqHandlerEv
                0x000832a4       0x5a C:\Users\guyco\AppData\Local\Temp\VMBuilds\MonopolyCreditCard\arduino_due_x_dbg/core.a(UARTClass.cpp.o)
                0x000832a4                UARTClass::IrqHandler()
 .text._ZN10USARTClass5beginEm
                0x000832fe        0x8 C:\Users\guyco\AppData\Local\Temp\VMBuilds\MonopolyCreditCard\arduino_due_x_dbg/core.a(USARTClass.cpp.o)
                0x000832fe                USARTClass::begin(unsigned long)
 *fill*         0x00083306        0x2 
 .text._ZN10USARTClassC2EP5Usart4IRQnmP10RingBufferS4_
                0x00083308       0x24 C:\Users\guyco\AppData\Local\Temp\VMBuilds\MonopolyCreditCard\arduino_due_x_dbg/core.a(USARTClass.cpp.o)
                0x00083308                USARTClass::USARTClass(Usart*, IRQn, unsigned long, RingBuffer*, RingBuffer*)
                0x00083308                USARTClass::USARTClass(Usart*, IRQn, unsigned long, RingBuffer*, RingBuffer*)
 .text._watchdogDefaultSetup
                0x0008332c        0xc C:\Users\guyco\AppData\Local\Temp\VMBuilds\MonopolyCreditCard\arduino_due_x_dbg/core.a(watchdog.cpp.o)
                0x0008332c                _watchdogDefaultSetup
                0x0008332c                watchdogSetup()
 .text.unlikely._ZL11USB_SendZlpv
                0x00083338       0x20 C:\Users\guyco\AppData\Local\Temp\VMBuilds\MonopolyCreditCard\arduino_due_x_dbg/core.a(USBCore.cpp.o)
 .text._Z14USBD_Availablem
                0x00083358       0x2c C:\Users\guyco\AppData\Local\Temp\VMBuilds\MonopolyCreditCard\arduino_due_x_dbg/core.a(USBCore.cpp.o)
                0x00083358                USBD_Available(unsigned long)
 .text._Z9USBD_RecvmPvm
                0x00083384       0x7c C:\Users\guyco\AppData\Local\Temp\VMBuilds\MonopolyCreditCard\arduino_due_x_dbg/core.a(USBCore.cpp.o)
                0x00083384                USBD_Recv(unsigned long, void*, unsigned long)
 .text._Z9USBD_Recvm
                0x00083400       0x22 C:\Users\guyco\AppData\Local\Temp\VMBuilds\MonopolyCreditCard\arduino_due_x_dbg/core.a(USBCore.cpp.o)
                0x00083400                USBD_Recv(unsigned long)
 *fill*         0x00083422        0x2 
 .text._Z9USBD_SendmPKvm
                0x00083424       0x4c C:\Users\guyco\AppData\Local\Temp\VMBuilds\MonopolyCreditCard\arduino_due_x_dbg/core.a(USBCore.cpp.o)
                0x00083424                USBD_Send(unsigned long, void const*, unsigned long)
 .text._Z16USBD_SendControlhPKvm
                0x00083470       0x40 C:\Users\guyco\AppData\Local\Temp\VMBuilds\MonopolyCreditCard\arduino_due_x_dbg/core.a(USBCore.cpp.o)
                0x00083470                USBD_SendControl(unsigned char, void const*, unsigned long)
 .text.unlikely._ZL24USB_SendStringDescriptorPKhi
                0x000834b0       0x64 C:\Users\guyco\AppData\Local\Temp\VMBuilds\MonopolyCreditCard\arduino_due_x_dbg/core.a(USBCore.cpp.o)
 .text._Z16USBD_RecvControlPvm
                0x00083514       0x1c C:\Users\guyco\AppData\Local\Temp\VMBuilds\MonopolyCreditCard\arduino_due_x_dbg/core.a(USBCore.cpp.o)
                0x00083514                USBD_RecvControl(void*, unsigned long)
 .text._Z26USBD_ClassInterfaceRequestR8USBSetup
                0x00083530       0x1e C:\Users\guyco\AppData\Local\Temp\VMBuilds\MonopolyCreditCard\arduino_due_x_dbg/core.a(USBCore.cpp.o)
                0x00083530                USBD_ClassInterfaceRequest(USBSetup&)
 .text._Z19USBD_SendInterfacesv
                0x0008354e       0x22 C:\Users\guyco\AppData\Local\Temp\VMBuilds\MonopolyCreditCard\arduino_due_x_dbg/core.a(USBCore.cpp.o)
                0x0008354e                USBD_SendInterfaces()
 .text._Z24USBD_SendOtherInterfacesv
                0x00083570       0x22 C:\Users\guyco\AppData\Local\Temp\VMBuilds\MonopolyCreditCard\arduino_due_x_dbg/core.a(USBCore.cpp.o)
                0x00083570                USBD_SendOtherInterfaces()
 .text._Z10USBD_Flushm
                0x00083592       0x16 C:\Users\guyco\AppData\Local\Temp\VMBuilds\MonopolyCreditCard\arduino_due_x_dbg/core.a(USBCore.cpp.o)
                0x00083592                USBD_Flush(unsigned long)
 .text._ZN10USBDevice_C2Ev
                0x000835a8       0x24 C:\Users\guyco\AppData\Local\Temp\VMBuilds\MonopolyCreditCard\arduino_due_x_dbg/core.a(USBCore.cpp.o)
                0x000835a8                USBDevice_::USBDevice_()
                0x000835a8                USBDevice_::USBDevice_()
 .text._ZN10USBDevice_6attachEv
                0x000835cc       0x20 C:\Users\guyco\AppData\Local\Temp\VMBuilds\MonopolyCreditCard\arduino_due_x_dbg/core.a(USBCore.cpp.o)
                0x000835cc                USBDevice_::attach()
 .text.startup._GLOBAL__sub_I_EndPoints
                0x000835ec        0xc C:\Users\guyco\AppData\Local\Temp\VMBuilds\MonopolyCreditCard\arduino_due_x_dbg/core.a(USBCore.cpp.o)
 .text._ZL7USB_ISRv
                0x000835f8      0x454 C:\Users\guyco\AppData\Local\Temp\VMBuilds\MonopolyCreditCard\arduino_due_x_dbg/core.a(USBCore.cpp.o)
 .text._ZN7Serial_9availableEv
                0x00083a4c       0x18 C:\Users\guyco\AppData\Local\Temp\VMBuilds\MonopolyCreditCard\arduino_due_x_dbg/core.a(CDC.cpp.o)
                0x00083a4c                Serial_::available()
 .text._ZN7Serial_4peekEv
                0x00083a64       0x20 C:\Users\guyco\AppData\Local\Temp\VMBuilds\MonopolyCreditCard\arduino_due_x_dbg/core.a(CDC.cpp.o)
                0x00083a64                Serial_::peek()
 .text._ZN7Serial_5writeEh
                0x00083a84       0x16 C:\Users\guyco\AppData\Local\Temp\VMBuilds\MonopolyCreditCard\arduino_due_x_dbg/core.a(CDC.cpp.o)
                0x00083a84                Serial_::write(unsigned char)
 *fill*         0x00083a9a        0x2 
 .text._ZN7Serial_4readEv
                0x00083a9c       0x44 C:\Users\guyco\AppData\Local\Temp\VMBuilds\MonopolyCreditCard\arduino_due_x_dbg/core.a(CDC.cpp.o)
                0x00083a9c                Serial_::read()
 .text._ZN7Serial_5flushEv
                0x00083ae0        0x6 C:\Users\guyco\AppData\Local\Temp\VMBuilds\MonopolyCreditCard\arduino_due_x_dbg/core.a(CDC.cpp.o)
                0x00083ae0                Serial_::flush()
 *fill*         0x00083ae6        0x2 
 .text._ZN7Serial_6acceptEv
                0x00083ae8       0x70 C:\Users\guyco\AppData\Local\Temp\VMBuilds\MonopolyCreditCard\arduino_due_x_dbg/core.a(CDC.cpp.o)
                0x00083ae8                Serial_::accept()
 .text._ZN7Serial_5writeEPKhj
                0x00083b58       0x2c C:\Users\guyco\AppData\Local\Temp\VMBuilds\MonopolyCreditCard\arduino_due_x_dbg/core.a(CDC.cpp.o)
                0x00083b58                Serial_::write(unsigned char const*, unsigned int)
 .text._Z16CDC_GetInterfacePh
                0x00083b84       0x14 C:\Users\guyco\AppData\Local\Temp\VMBuilds\MonopolyCreditCard\arduino_due_x_dbg/core.a(CDC.cpp.o)
                0x00083b84                CDC_GetInterface(unsigned char*)
 .text._Z21CDC_GetOtherInterfacePh
                0x00083b98       0x14 C:\Users\guyco\AppData\Local\Temp\VMBuilds\MonopolyCreditCard\arduino_due_x_dbg/core.a(CDC.cpp.o)
                0x00083b98                CDC_GetOtherInterface(unsigned char*)
 .text._Z9CDC_SetupR8USBSetup
                0x00083bac       0x78 C:\Users\guyco\AppData\Local\Temp\VMBuilds\MonopolyCreditCard\arduino_due_x_dbg/core.a(CDC.cpp.o)
                0x00083bac                CDC_Setup(USBSetup&)
 .text.startup._GLOBAL__sub_I_cdc_rx_buffer
                0x00083c24       0x1c C:\Users\guyco\AppData\Local\Temp\VMBuilds\MonopolyCreditCard\arduino_due_x_dbg/core.a(CDC.cpp.o)
 .text._ZN13PluggableUSB_12getInterfaceEPh
                0x00083c40       0x28 C:\Users\guyco\AppData\Local\Temp\VMBuilds\MonopolyCreditCard\arduino_due_x_dbg/core.a(PluggableUSB.cpp.o)
                0x00083c40                PluggableUSB_::getInterface(unsigned char*)
 .text._ZN13PluggableUSB_13getDescriptorER8USBSetup
                0x00083c68       0x1c C:\Users\guyco\AppData\Local\Temp\VMBuilds\MonopolyCreditCard\arduino_due_x_dbg/core.a(PluggableUSB.cpp.o)
                0x00083c68                PluggableUSB_::getDescriptor(USBSetup&)
 .text._ZN13PluggableUSB_12getShortNameEPc
                0x00083c84       0x1c C:\Users\guyco\AppData\Local\Temp\VMBuilds\MonopolyCreditCard\arduino_due_x_dbg/core.a(PluggableUSB.cpp.o)
                0x00083c84                PluggableUSB_::getShortName(char*)
 .text._ZN13PluggableUSB_5setupER8USBSetup
                0x00083ca0       0x20 C:\Users\guyco\AppData\Local\Temp\VMBuilds\MonopolyCreditCard\arduino_due_x_dbg/core.a(PluggableUSB.cpp.o)
                0x00083ca0                PluggableUSB_::setup(USBSetup&)
 .text._Z12PluggableUSBv
                0x00083cc0       0x28 C:\Users\guyco\AppData\Local\Temp\VMBuilds\MonopolyCreditCard\arduino_due_x_dbg/core.a(PluggableUSB.cpp.o)
                0x00083cc0                PluggableUSB()
 .text.TimeTick_Increment
                0x00083ce8       0x10 C:\Users\guyco\AppData\Local\arduino15\packages\arduino\hardware\sam\1.6.7\variants\arduino_due_x/libsam_sam3x8e_gcc_rel.a(timetick.o)
                0x00083ce8                TimeTick_Increment
 .text.GetTickCount
                0x00083cf8        0xc C:\Users\guyco\AppData\Local\arduino15\packages\arduino\hardware\sam\1.6.7\variants\arduino_due_x/libsam_sam3x8e_gcc_rel.a(timetick.o)
                0x00083cf8                GetTickCount
 .text.WDT_Disable
                0x00083d04        0x8 C:\Users\guyco\AppData\Local\arduino15\packages\arduino\hardware\sam\1.6.7\variants\arduino_due_x/libsam_sam3x8e_gcc_rel.a(wdt.o)
                0x00083d04                WDT_Disable
 .text.UDD_SetStack
                0x00083d0c        0xc C:\Users\guyco\AppData\Local\arduino15\packages\arduino\hardware\sam\1.6.7\variants\arduino_due_x/libsam_sam3x8e_gcc_rel.a(uotghs_device.o)
                0x00083d0c                UDD_SetStack
 .text.UDD_Init
                0x00083d18       0xd0 C:\Users\guyco\AppData\Local\arduino15\packages\arduino\hardware\sam\1.6.7\variants\arduino_due_x/libsam_sam3x8e_gcc_rel.a(uotghs_device.o)
                0x00083d18                UDD_Init
 .text.UDD_Attach
                0x00083de8       0x50 C:\Users\guyco\AppData\Local\arduino15\packages\arduino\hardware\sam\1.6.7\variants\arduino_due_x/libsam_sam3x8e_gcc_rel.a(uotghs_device.o)
                0x00083de8                UDD_Attach
 .text.UDD_InitEP
                0x00083e38       0x2c C:\Users\guyco\AppData\Local\arduino15\packages\arduino\hardware\sam\1.6.7\variants\arduino_due_x/libsam_sam3x8e_gcc_rel.a(uotghs_device.o)
                0x00083e38                UDD_InitEP
 .text.UDD_InitEndpoints
                0x00083e64       0x3c C:\Users\guyco\AppData\Local\arduino15\packages\arduino\hardware\sam\1.6.7\variants\arduino_due_x/libsam_sam3x8e_gcc_rel.a(uotghs_device.o)
                0x00083e64                UDD_InitEndpoints
 .text.UDD_WaitIN
                0x00083ea0       0x10 C:\Users\guyco\AppData\Local\arduino15\packages\arduino\hardware\sam\1.6.7\variants\arduino_due_x/libsam_sam3x8e_gcc_rel.a(uotghs_device.o)
                0x00083ea0                UDD_WaitIN
 .text.UDD_WaitOUT
                0x00083eb0       0x10 C:\Users\guyco\AppData\Local\arduino15\packages\arduino\hardware\sam\1.6.7\variants\arduino_due_x/libsam_sam3x8e_gcc_rel.a(uotghs_device.o)
                0x00083eb0                UDD_WaitOUT
 .text.UDD_ClearIN
                0x00083ec0       0x18 C:\Users\guyco\AppData\Local\arduino15\packages\arduino\hardware\sam\1.6.7\variants\arduino_due_x/libsam_sam3x8e_gcc_rel.a(uotghs_device.o)
                0x00083ec0                UDD_ClearIN
 .text.UDD_ClearOUT
                0x00083ed8       0x18 C:\Users\guyco\AppData\Local\arduino15\packages\arduino\hardware\sam\1.6.7\variants\arduino_due_x/libsam_sam3x8e_gcc_rel.a(uotghs_device.o)
                0x00083ed8                UDD_ClearOUT
 .text.UDD_ReceivedSetupInt
                0x00083ef0       0x10 C:\Users\guyco\AppData\Local\arduino15\packages\arduino\hardware\sam\1.6.7\variants\arduino_due_x/libsam_sam3x8e_gcc_rel.a(uotghs_device.o)
                0x00083ef0                UDD_ReceivedSetupInt
 .text.UDD_ClearSetupInt
                0x00083f00       0x10 C:\Users\guyco\AppData\Local\arduino15\packages\arduino\hardware\sam\1.6.7\variants\arduino_due_x/libsam_sam3x8e_gcc_rel.a(uotghs_device.o)
                0x00083f00                UDD_ClearSetupInt
 .text.UDD_Send
                0x00083f10       0x88 C:\Users\guyco\AppData\Local\arduino15\packages\arduino\hardware\sam\1.6.7\variants\arduino_due_x/libsam_sam3x8e_gcc_rel.a(uotghs_device.o)
                0x00083f10                UDD_Send
 .text.UDD_Send8
                0x00083f98       0x24 C:\Users\guyco\AppData\Local\arduino15\packages\arduino\hardware\sam\1.6.7\variants\arduino_due_x/libsam_sam3x8e_gcc_rel.a(uotghs_device.o)
                0x00083f98                UDD_Send8
 .text.UDD_Recv8
                0x00083fbc       0x28 C:\Users\guyco\AppData\Local\arduino15\packages\arduino\hardware\sam\1.6.7\variants\arduino_due_x/libsam_sam3x8e_gcc_rel.a(uotghs_device.o)
                0x00083fbc                UDD_Recv8
 .text.UDD_Recv
                0x00083fe4       0x34 C:\Users\guyco\AppData\Local\arduino15\packages\arduino\hardware\sam\1.6.7\variants\arduino_due_x/libsam_sam3x8e_gcc_rel.a(uotghs_device.o)
                0x00083fe4                UDD_Recv
 .text.UDD_Stall
                0x00084018       0x14 C:\Users\guyco\AppData\Local\arduino15\packages\arduino\hardware\sam\1.6.7\variants\arduino_due_x/libsam_sam3x8e_gcc_rel.a(uotghs_device.o)
                0x00084018                UDD_Stall
 .text.UDD_FifoByteCount
                0x0008402c       0x14 C:\Users\guyco\AppData\Local\arduino15\packages\arduino\hardware\sam\1.6.7\variants\arduino_due_x/libsam_sam3x8e_gcc_rel.a(uotghs_device.o)
                0x0008402c                UDD_FifoByteCount
 .text.UDD_ReleaseRX
                0x00084040       0x28 C:\Users\guyco\AppData\Local\arduino15\packages\arduino\hardware\sam\1.6.7\variants\arduino_due_x/libsam_sam3x8e_gcc_rel.a(uotghs_device.o)
                0x00084040                UDD_ReleaseRX
 .text.UDD_ReleaseTX
                0x00084068       0x28 C:\Users\guyco\AppData\Local\arduino15\packages\arduino\hardware\sam\1.6.7\variants\arduino_due_x/libsam_sam3x8e_gcc_rel.a(uotghs_device.o)
                0x00084068                UDD_ReleaseTX
 .text.UDD_SetAddress
                0x00084090       0x20 C:\Users\guyco\AppData\Local\arduino15\packages\arduino\hardware\sam\1.6.7\variants\arduino_due_x/libsam_sam3x8e_gcc_rel.a(uotghs_device.o)
                0x00084090                UDD_SetAddress
 .text.__fpclassifyd
                0x000840b0       0x50 c:/users/guyco/appdata/local/arduino15/packages/arduino/tools/arm-none-eabi-gcc/4.8.3-2014q1/bin/../lib/gcc/arm-none-eabi/4.8.3/../../../../arm-none-eabi/lib/armv7-m\libm.a(lib_a-s_fpclassify.o)
                0x000840b0                __fpclassifyd
 .text.pow      0x00084100      0x2f8 c:/users/guyco/appdata/local/arduino15/packages/arduino/tools/arm-none-eabi-gcc/4.8.3-2014q1/bin/../lib/gcc/arm-none-eabi/4.8.3/../../../../arm-none-eabi/lib/armv7-m\libm.a(lib_a-w_pow.o)
                0x00084100                pow
 .text.__ieee754_pow
                0x000843f8      0xab8 c:/users/guyco/appdata/local/arduino15/packages/arduino/tools/arm-none-eabi-gcc/4.8.3-2014q1/bin/../lib/gcc/arm-none-eabi/4.8.3/../../../../arm-none-eabi/lib/armv7-m\libm.a(lib_a-e_pow.o)
                0x000843f8                __ieee754_pow
 .text.__ieee754_sqrt
                0x00084eb0      0x180 c:/users/guyco/appdata/local/arduino15/packages/arduino/tools/arm-none-eabi-gcc/4.8.3-2014q1/bin/../lib/gcc/arm-none-eabi/4.8.3/../../../../arm-none-eabi/lib/armv7-m\libm.a(lib_a-e_sqrt.o)
                0x00084eb0                __ieee754_sqrt
 .text.fabs     0x00085030        0x8 c:/users/guyco/appdata/local/arduino15/packages/arduino/tools/arm-none-eabi-gcc/4.8.3-2014q1/bin/../lib/gcc/arm-none-eabi/4.8.3/../../../../arm-none-eabi/lib/armv7-m\libm.a(lib_a-s_fabs.o)
                0x00085030                fabs
 .text.finite   0x00085038        0xc c:/users/guyco/appdata/local/arduino15/packages/arduino/tools/arm-none-eabi-gcc/4.8.3-2014q1/bin/../lib/gcc/arm-none-eabi/4.8.3/../../../../arm-none-eabi/lib/armv7-m\libm.a(lib_a-s_finite.o)
                0x00085038                finite
 .text.matherr  0x00085044        0x4 c:/users/guyco/appdata/local/arduino15/packages/arduino/tools/arm-none-eabi-gcc/4.8.3-2014q1/bin/../lib/gcc/arm-none-eabi/4.8.3/../../../../arm-none-eabi/lib/armv7-m\libm.a(lib_a-s_matherr.o)
                0x00085044                matherr
 .text.nan      0x00085048        0xc c:/users/guyco/appdata/local/arduino15/packages/arduino/tools/arm-none-eabi-gcc/4.8.3-2014q1/bin/../lib/gcc/arm-none-eabi/4.8.3/../../../../arm-none-eabi/lib/armv7-m\libm.a(lib_a-s_nan.o)
                0x00085048                nan
 .text.rint     0x00085054      0x118 c:/users/guyco/appdata/local/arduino15/packages/arduino/tools/arm-none-eabi-gcc/4.8.3-2014q1/bin/../lib/gcc/arm-none-eabi/4.8.3/../../../../arm-none-eabi/lib/armv7-m\libm.a(lib_a-s_rint.o)
                0x00085054                rint
 *fill*         0x0008516c        0x4 
 .text.scalbn   0x00085170      0x100 c:/users/guyco/appdata/local/arduino15/packages/arduino/tools/arm-none-eabi-gcc/4.8.3-2014q1/bin/../lib/gcc/arm-none-eabi/4.8.3/../../../../arm-none-eabi/lib/armv7-m\libm.a(lib_a-s_scalbn.o)
                0x00085170                scalbn
 .text.copysign
                0x00085270       0x14 c:/users/guyco/appdata/local/arduino15/packages/arduino/tools/arm-none-eabi-gcc/4.8.3-2014q1/bin/../lib/gcc/arm-none-eabi/4.8.3/../../../../arm-none-eabi/lib/armv7-m\libm.a(lib_a-s_copysign.o)
                0x00085270                copysign
 .text          0x00085284      0x370 c:/users/guyco/appdata/local/arduino15/packages/arduino/tools/arm-none-eabi-gcc/4.8.3-2014q1/bin/../lib/gcc/arm-none-eabi/4.8.3/armv7-m\libgcc.a(_arm_addsubdf3.o)
                0x00085284                __aeabi_drsub
                0x0008528c                __aeabi_dsub
                0x0008528c                __subdf3
                0x00085290                __aeabi_dadd
                0x00085290                __adddf3
                0x00085508                __floatunsidf
                0x00085508                __aeabi_ui2d
                0x00085528                __floatsidf
                0x00085528                __aeabi_i2d
                0x0008554c                __aeabi_f2d
                0x0008554c                __extendsfdf2
                0x00085588                __floatundidf
                0x00085588                __aeabi_ul2d
                0x00085598                __floatdidf
                0x00085598                __aeabi_l2d
 .text          0x000855f4      0x424 c:/users/guyco/appdata/local/arduino15/packages/arduino/tools/arm-none-eabi-gcc/4.8.3-2014q1/bin/../lib/gcc/arm-none-eabi/4.8.3/armv7-m\libgcc.a(_arm_muldivdf3.o)
                0x000855f4                __aeabi_dmul
                0x000855f4                __muldf3
                0x00085848                __divdf3
                0x00085848                __aeabi_ddiv
 .text          0x00085a18      0x110 c:/users/guyco/appdata/local/arduino15/packages/arduino/tools/arm-none-eabi-gcc/4.8.3-2014q1/bin/../lib/gcc/arm-none-eabi/4.8.3/armv7-m\libgcc.a(_arm_cmpdf2.o)
                0x00085a18                __gtdf2
                0x00085a18                __gedf2
                0x00085a20                __ltdf2
                0x00085a20                __ledf2
                0x00085a28                __nedf2
                0x00085a28                __eqdf2
                0x00085a28                __cmpdf2
                0x00085aa4                __aeabi_cdrcmple
                0x00085ab4                __aeabi_cdcmpeq
                0x00085ab4                __aeabi_cdcmple
                0x00085ac4                __aeabi_dcmpeq
                0x00085ad8                __aeabi_dcmplt
                0x00085aec                __aeabi_dcmple
                0x00085b00                __aeabi_dcmpge
                0x00085b14                __aeabi_dcmpgt
 .text          0x00085b28       0x50 c:/users/guyco/appdata/local/arduino15/packages/arduino/tools/arm-none-eabi-gcc/4.8.3-2014q1/bin/../lib/gcc/arm-none-eabi/4.8.3/armv7-m\libgcc.a(_arm_fixdfsi.o)
                0x00085b28                __aeabi_d2iz
                0x00085b28                __fixdfsi
 .text          0x00085b78       0x40 c:/users/guyco/appdata/local/arduino15/packages/arduino/tools/arm-none-eabi-gcc/4.8.3-2014q1/bin/../lib/gcc/arm-none-eabi/4.8.3/armv7-m\libgcc.a(_arm_fixunsdfsi.o)
                0x00085b78                __aeabi_d2uiz
                0x00085b78                __fixunsdfsi
 .text.__assert_func
                0x00085bb8       0x3c c:/users/guyco/appdata/local/arduino15/packages/arduino/tools/arm-none-eabi-gcc/4.8.3-2014q1/bin/../lib/gcc/arm-none-eabi/4.8.3/../../../../arm-none-eabi/lib/armv7-m\libg.a(lib_a-assert.o)
                0x00085bb8                __assert_func
 .text.__errno  0x00085bf4        0xc c:/users/guyco/appdata/local/arduino15/packages/arduino/tools/arm-none-eabi-gcc/4.8.3-2014q1/bin/../lib/gcc/arm-none-eabi/4.8.3/../../../../arm-none-eabi/lib/armv7-m\libg.a(lib_a-errno.o)
                0x00085bf4                __errno
 .text.fiprintf
                0x00085c00       0x28 c:/users/guyco/appdata/local/arduino15/packages/arduino/tools/arm-none-eabi-gcc/4.8.3-2014q1/bin/../lib/gcc/arm-none-eabi/4.8.3/../../../../arm-none-eabi/lib/armv7-m\libg.a(lib_a-fiprintf.o)
                0x00085c00                fiprintf
 .text.__libc_init_array
                0x00085c28       0x50 c:/users/guyco/appdata/local/arduino15/packages/arduino/tools/arm-none-eabi-gcc/4.8.3-2014q1/bin/../lib/gcc/arm-none-eabi/4.8.3/../../../../arm-none-eabi/lib/armv7-m\libg.a(lib_a-init.o)
                0x00085c28                __libc_init_array
 .text.iprintf  0x00085c78       0x28 c:/users/guyco/appdata/local/arduino15/packages/arduino/tools/arm-none-eabi-gcc/4.8.3-2014q1/bin/../lib/gcc/arm-none-eabi/4.8.3/../../../../arm-none-eabi/lib/armv7-m\libg.a(lib_a-iprintf.o)
                0x00085c78                iprintf
 .text.malloc   0x00085ca0       0x10 c:/users/guyco/appdata/local/arduino15/packages/arduino/tools/arm-none-eabi-gcc/4.8.3-2014q1/bin/../lib/gcc/arm-none-eabi/4.8.3/../../../../arm-none-eabi/lib/armv7-m\libg.a(lib_a-malloc.o)
                0x00085ca0                malloc
 .text.free     0x00085cb0       0x10 c:/users/guyco/appdata/local/arduino15/packages/arduino/tools/arm-none-eabi-gcc/4.8.3-2014q1/bin/../lib/gcc/arm-none-eabi/4.8.3/../../../../arm-none-eabi/lib/armv7-m\libg.a(lib_a-malloc.o)
                0x00085cb0                free
 .text._malloc_r
                0x00085cc0      0x538 c:/users/guyco/appdata/local/arduino15/packages/arduino/tools/arm-none-eabi-gcc/4.8.3-2014q1/bin/../lib/gcc/arm-none-eabi/4.8.3/../../../../arm-none-eabi/lib/armv7-m\libg.a(lib_a-mallocr.o)
                0x00085cc0                _malloc_r
 .text.memcmp   0x000861f8       0x68 c:/users/guyco/appdata/local/arduino15/packages/arduino/tools/arm-none-eabi-gcc/4.8.3-2014q1/bin/../lib/gcc/arm-none-eabi/4.8.3/../../../../arm-none-eabi/lib/armv7-m\libg.a(lib_a-memcmp.o)
                0x000861f8                memcmp
 .text          0x00086260       0xec c:/users/guyco/appdata/local/arduino15/packages/arduino/tools/arm-none-eabi-gcc/4.8.3-2014q1/bin/../lib/gcc/arm-none-eabi/4.8.3/../../../../arm-none-eabi/lib/armv7-m\libg.a(lib_a-memcpy.o)
                0x00086260                memcpy
 .text.memmove  0x0008634c       0xcc c:/users/guyco/appdata/local/arduino15/packages/arduino/tools/arm-none-eabi-gcc/4.8.3-2014q1/bin/../lib/gcc/arm-none-eabi/4.8.3/../../../../arm-none-eabi/lib/armv7-m\libg.a(lib_a-memmove.o)
                0x0008634c                memmove
 .text.memset   0x00086418       0x94 c:/users/guyco/appdata/local/arduino15/packages/arduino/tools/arm-none-eabi-gcc/4.8.3-2014q1/bin/../lib/gcc/arm-none-eabi/4.8.3/../../../../arm-none-eabi/lib/armv7-m\libg.a(lib_a-memset.o)
                0x00086418                memset
 .text.__malloc_lock
                0x000864ac        0x4 c:/users/guyco/appdata/local/arduino15/packages/arduino/tools/arm-none-eabi-gcc/4.8.3-2014q1/bin/../lib/gcc/arm-none-eabi/4.8.3/../../../../arm-none-eabi/lib/armv7-m\libg.a(lib_a-mlock.o)
                0x000864ac                __malloc_lock
 .text.__malloc_unlock
                0x000864b0        0x4 c:/users/guyco/appdata/local/arduino15/packages/arduino/tools/arm-none-eabi-gcc/4.8.3-2014q1/bin/../lib/gcc/arm-none-eabi/4.8.3/../../../../arm-none-eabi/lib/armv7-m\libg.a(lib_a-mlock.o)
                0x000864b0                __malloc_unlock
 .text._realloc_r
                0x000864b4      0x3c0 c:/users/guyco/appdata/local/arduino15/packages/arduino/tools/arm-none-eabi-gcc/4.8.3-2014q1/bin/../lib/gcc/arm-none-eabi/4.8.3/../../../../arm-none-eabi/lib/armv7-m\libg.a(lib_a-reallocr.o)
                0x000864b4                _realloc_r
 .text._sbrk_r  0x00086874       0x24 c:/users/guyco/appdata/local/arduino15/packages/arduino/tools/arm-none-eabi-gcc/4.8.3-2014q1/bin/../lib/gcc/arm-none-eabi/4.8.3/../../../../arm-none-eabi/lib/armv7-m\libg.a(lib_a-sbrkr.o)
                0x00086874                _sbrk_r
 .text.strchr   0x00086898       0xf4 c:/users/guyco/appdata/local/arduino15/packages/arduino/tools/arm-none-eabi-gcc/4.8.3-2014q1/bin/../lib/gcc/arm-none-eabi/4.8.3/../../../../arm-none-eabi/lib/armv7-m\libg.a(lib_a-strchr.o)
                0x00086898                strchr
 .text.strlen   0x0008698c       0x60 c:/users/guyco/appdata/local/arduino15/packages/arduino/tools/arm-none-eabi-gcc/4.8.3-2014q1/bin/../lib/gcc/arm-none-eabi/4.8.3/../../../../arm-none-eabi/lib/armv7-m\libg.a(lib_a-strlen.o)
                0x0008698c                strlen
 .text.strncpy  0x000869ec       0x64 c:/users/guyco/appdata/local/arduino15/packages/arduino/tools/arm-none-eabi-gcc/4.8.3-2014q1/bin/../lib/gcc/arm-none-eabi/4.8.3/../../../../arm-none-eabi/lib/armv7-m\libg.a(lib_a-strncpy.o)
                0x000869ec                strncpy
 .text.__sprint_r.part.0
                0x00086a50       0x78 c:/users/guyco/appdata/local/arduino15/packages/arduino/tools/arm-none-eabi-gcc/4.8.3-2014q1/bin/../lib/gcc/arm-none-eabi/4.8.3/../../../../arm-none-eabi/lib/armv7-m\libg.a(lib_a-vfiprintf.o)
 .text._vfiprintf_r
                0x00086ac8      0xc54 c:/users/guyco/appdata/local/arduino15/packages/arduino/tools/arm-none-eabi-gcc/4.8.3-2014q1/bin/../lib/gcc/arm-none-eabi/4.8.3/../../../../arm-none-eabi/lib/armv7-m\libg.a(lib_a-vfiprintf.o)
                0x00086ac8                _vfiprintf_r
 .text.__sbprintf
                0x0008771c       0x7c c:/users/guyco/appdata/local/arduino15/packages/arduino/tools/arm-none-eabi-gcc/4.8.3-2014q1/bin/../lib/gcc/arm-none-eabi/4.8.3/../../../../arm-none-eabi/lib/armv7-m\libg.a(lib_a-vfiprintf.o)
 .text.__swsetup_r
                0x00087798       0xc4 c:/users/guyco/appdata/local/arduino15/packages/arduino/tools/arm-none-eabi-gcc/4.8.3-2014q1/bin/../lib/gcc/arm-none-eabi/4.8.3/../../../../arm-none-eabi/lib/armv7-m\libg.a(lib_a-wsetup.o)
                0x00087798                __swsetup_r
 .text.startup.register_fini
                0x0008785c       0x14 c:/users/guyco/appdata/local/arduino15/packages/arduino/tools/arm-none-eabi-gcc/4.8.3-2014q1/bin/../lib/gcc/arm-none-eabi/4.8.3/../../../../arm-none-eabi/lib/armv7-m\libg.a(lib_a-__call_atexit.o)
 .text.abort    0x00087870       0x10 c:/users/guyco/appdata/local/arduino15/packages/arduino/tools/arm-none-eabi-gcc/4.8.3-2014q1/bin/../lib/gcc/arm-none-eabi/4.8.3/../../../../arm-none-eabi/lib/armv7-m\libg.a(lib_a-abort.o)
                0x00087870                abort
 .text.atexit   0x00087880        0xc c:/users/guyco/appdata/local/arduino15/packages/arduino/tools/arm-none-eabi-gcc/4.8.3-2014q1/bin/../lib/gcc/arm-none-eabi/4.8.3/../../../../arm-none-eabi/lib/armv7-m\libg.a(lib_a-atexit.o)
                0x00087880                atexit
 .text.__sflush_r
                0x0008788c      0x148 c:/users/guyco/appdata/local/arduino15/packages/arduino/tools/arm-none-eabi-gcc/4.8.3-2014q1/bin/../lib/gcc/arm-none-eabi/4.8.3/../../../../arm-none-eabi/lib/armv7-m\libg.a(lib_a-fflush.o)
                0x0008788c                __sflush_r
 .text._fflush_r
                0x000879d4       0x2c c:/users/guyco/appdata/local/arduino15/packages/arduino/tools/arm-none-eabi-gcc/4.8.3-2014q1/bin/../lib/gcc/arm-none-eabi/4.8.3/../../../../arm-none-eabi/lib/armv7-m\libg.a(lib_a-fflush.o)
                0x000879d4                _fflush_r
 .text._cleanup_r
                0x00087a00        0xc c:/users/guyco/appdata/local/arduino15/packages/arduino/tools/arm-none-eabi-gcc/4.8.3-2014q1/bin/../lib/gcc/arm-none-eabi/4.8.3/../../../../arm-none-eabi/lib/armv7-m\libg.a(lib_a-findfp.o)
                0x00087a00                _cleanup_r
 .text.__sinit  0x00087a0c       0xf4 c:/users/guyco/appdata/local/arduino15/packages/arduino/tools/arm-none-eabi-gcc/4.8.3-2014q1/bin/../lib/gcc/arm-none-eabi/4.8.3/../../../../arm-none-eabi/lib/armv7-m\libg.a(lib_a-findfp.o)
                0x00087a0c                __sinit
 .text.__sfp_lock_acquire
                0x00087b00        0x4 c:/users/guyco/appdata/local/arduino15/packages/arduino/tools/arm-none-eabi-gcc/4.8.3-2014q1/bin/../lib/gcc/arm-none-eabi/4.8.3/../../../../arm-none-eabi/lib/armv7-m\libg.a(lib_a-findfp.o)
                0x00087b00                __sfp_lock_acquire
 .text.__sfp_lock_release
                0x00087b04        0x4 c:/users/guyco/appdata/local/arduino15/packages/arduino/tools/arm-none-eabi-gcc/4.8.3-2014q1/bin/../lib/gcc/arm-none-eabi/4.8.3/../../../../arm-none-eabi/lib/armv7-m\libg.a(lib_a-findfp.o)
                0x00087b04                __sfp_lock_release
 .text.__libc_fini_array
                0x00087b08       0x30 c:/users/guyco/appdata/local/arduino15/packages/arduino/tools/arm-none-eabi-gcc/4.8.3-2014q1/bin/../lib/gcc/arm-none-eabi/4.8.3/../../../../arm-none-eabi/lib/armv7-m\libg.a(lib_a-fini.o)
                0x00087b08                __libc_fini_array
 .text._fputwc_r
                0x00087b38       0xc0 c:/users/guyco/appdata/local/arduino15/packages/arduino/tools/arm-none-eabi-gcc/4.8.3-2014q1/bin/../lib/gcc/arm-none-eabi/4.8.3/../../../../arm-none-eabi/lib/armv7-m\libg.a(lib_a-fputwc.o)
                0x00087b38                _fputwc_r
 .text._malloc_trim_r
                0x00087bf8       0x9c c:/users/guyco/appdata/local/arduino15/packages/arduino/tools/arm-none-eabi-gcc/4.8.3-2014q1/bin/../lib/gcc/arm-none-eabi/4.8.3/../../../../arm-none-eabi/lib/armv7-m\libg.a(lib_a-freer.o)
                0x00087bf8                _malloc_trim_r
 .text._free_r  0x00087c94      0x198 c:/users/guyco/appdata/local/arduino15/packages/arduino/tools/arm-none-eabi-gcc/4.8.3-2014q1/bin/../lib/gcc/arm-none-eabi/4.8.3/../../../../arm-none-eabi/lib/armv7-m\libg.a(lib_a-freer.o)
                0x00087c94                _free_r
 .text.__sfvwrite_r
                0x00087e2c      0x314 c:/users/guyco/appdata/local/arduino15/packages/arduino/tools/arm-none-eabi-gcc/4.8.3-2014q1/bin/../lib/gcc/arm-none-eabi/4.8.3/../../../../arm-none-eabi/lib/armv7-m\libg.a(lib_a-fvwrite.o)
                0x00087e2c                __sfvwrite_r
 .text._fwalk   0x00088140       0x48 c:/users/guyco/appdata/local/arduino15/packages/arduino/tools/arm-none-eabi-gcc/4.8.3-2014q1/bin/../lib/gcc/arm-none-eabi/4.8.3/../../../../arm-none-eabi/lib/armv7-m\libg.a(lib_a-fwalk.o)
                0x00088140                _fwalk
 .text.__locale_charset
                0x00088188        0x8 c:/users/guyco/appdata/local/arduino15/packages/arduino/tools/arm-none-eabi-gcc/4.8.3-2014q1/bin/../lib/gcc/arm-none-eabi/4.8.3/../../../../arm-none-eabi/lib/armv7-m\libg.a(lib_a-locale.o)
                0x00088188                __locale_charset
 .text.__locale_mb_cur_max
                0x00088190        0xc c:/users/guyco/appdata/local/arduino15/packages/arduino/tools/arm-none-eabi-gcc/4.8.3-2014q1/bin/../lib/gcc/arm-none-eabi/4.8.3/../../../../arm-none-eabi/lib/armv7-m\libg.a(lib_a-locale.o)
                0x00088190                __locale_mb_cur_max
 .text.__smakebuf_r
                0x0008819c       0xe0 c:/users/guyco/appdata/local/arduino15/packages/arduino/tools/arm-none-eabi-gcc/4.8.3-2014q1/bin/../lib/gcc/arm-none-eabi/4.8.3/../../../../arm-none-eabi/lib/armv7-m\libg.a(lib_a-makebuf.o)
                0x0008819c                __smakebuf_r
 .text.memchr   0x0008827c       0x94 c:/users/guyco/appdata/local/arduino15/packages/arduino/tools/arm-none-eabi-gcc/4.8.3-2014q1/bin/../lib/gcc/arm-none-eabi/4.8.3/../../../../arm-none-eabi/lib/armv7-m\libg.a(lib_a-memchr-stub.o)
                0x0008827c                memchr
 .text._raise_r
                0x00088310       0x58 c:/users/guyco/appdata/local/arduino15/packages/arduino/tools/arm-none-eabi-gcc/4.8.3-2014q1/bin/../lib/gcc/arm-none-eabi/4.8.3/../../../../arm-none-eabi/lib/armv7-m\libg.a(lib_a-signal.o)
                0x00088310                _raise_r
 .text.raise    0x00088368       0x10 c:/users/guyco/appdata/local/arduino15/packages/arduino/tools/arm-none-eabi-gcc/4.8.3-2014q1/bin/../lib/gcc/arm-none-eabi/4.8.3/../../../../arm-none-eabi/lib/armv7-m\libg.a(lib_a-signal.o)
                0x00088368                raise
 .text._kill_r  0x00088378       0x28 c:/users/guyco/appdata/local/arduino15/packages/arduino/tools/arm-none-eabi-gcc/4.8.3-2014q1/bin/../lib/gcc/arm-none-eabi/4.8.3/../../../../arm-none-eabi/lib/armv7-m\libg.a(lib_a-signalr.o)
                0x00088378                _kill_r
 .text._getpid_r
                0x000883a0        0x4 c:/users/guyco/appdata/local/arduino15/packages/arduino/tools/arm-none-eabi-gcc/4.8.3-2014q1/bin/../lib/gcc/arm-none-eabi/4.8.3/../../../../arm-none-eabi/lib/armv7-m\libg.a(lib_a-signalr.o)
                0x000883a0                _getpid_r
 .text.__sread  0x000883a4       0x24 c:/users/guyco/appdata/local/arduino15/packages/arduino/tools/arm-none-eabi-gcc/4.8.3-2014q1/bin/../lib/gcc/arm-none-eabi/4.8.3/../../../../arm-none-eabi/lib/armv7-m\libg.a(lib_a-stdio.o)
                0x000883a4                __sread
 .text.__swrite
                0x000883c8       0x38 c:/users/guyco/appdata/local/arduino15/packages/arduino/tools/arm-none-eabi-gcc/4.8.3-2014q1/bin/../lib/gcc/arm-none-eabi/4.8.3/../../../../arm-none-eabi/lib/armv7-m\libg.a(lib_a-stdio.o)
                0x000883c8                __swrite
 .text.__sseek  0x00088400       0x20 c:/users/guyco/appdata/local/arduino15/packages/arduino/tools/arm-none-eabi-gcc/4.8.3-2014q1/bin/../lib/gcc/arm-none-eabi/4.8.3/../../../../arm-none-eabi/lib/armv7-m\libg.a(lib_a-stdio.o)
                0x00088400                __sseek
 .text.__sclose
                0x00088420        0x8 c:/users/guyco/appdata/local/arduino15/packages/arduino/tools/arm-none-eabi-gcc/4.8.3-2014q1/bin/../lib/gcc/arm-none-eabi/4.8.3/../../../../arm-none-eabi/lib/armv7-m\libg.a(lib_a-stdio.o)
                0x00088420                __sclose
 .text.__swbuf_r
                0x00088428       0xa8 c:/users/guyco/appdata/local/arduino15/packages/arduino/tools/arm-none-eabi-gcc/4.8.3-2014q1/bin/../lib/gcc/arm-none-eabi/4.8.3/../../../../arm-none-eabi/lib/armv7-m\libg.a(lib_a-wbuf.o)
                0x00088428                __swbuf_r
 .text._wcrtomb_r
                0x000884d0       0x50 c:/users/guyco/appdata/local/arduino15/packages/arduino/tools/arm-none-eabi-gcc/4.8.3-2014q1/bin/../lib/gcc/arm-none-eabi/4.8.3/../../../../arm-none-eabi/lib/armv7-m\libg.a(lib_a-wcrtomb.o)
                0x000884d0                _wcrtomb_r
 .text.__ascii_wctomb
                0x00088520       0x1c c:/users/guyco/appdata/local/arduino15/packages/arduino/tools/arm-none-eabi-gcc/4.8.3-2014q1/bin/../lib/gcc/arm-none-eabi/4.8.3/../../../../arm-none-eabi/lib/armv7-m\libg.a(lib_a-wctomb_r.o)
                0x00088520                __ascii_wctomb
 .text._write_r
                0x0008853c       0x28 c:/users/guyco/appdata/local/arduino15/packages/arduino/tools/arm-none-eabi-gcc/4.8.3-2014q1/bin/../lib/gcc/arm-none-eabi/4.8.3/../../../../arm-none-eabi/lib/armv7-m\libg.a(lib_a-writer.o)
                0x0008853c                _write_r
 .text.__register_exitproc
                0x00088564       0xa8 c:/users/guyco/appdata/local/arduino15/packages/arduino/tools/arm-none-eabi-gcc/4.8.3-2014q1/bin/../lib/gcc/arm-none-eabi/4.8.3/../../../../arm-none-eabi/lib/armv7-m\libg.a(lib_a-__atexit.o)
                0x00088564                __register_exitproc
 .text._close_r
                0x0008860c       0x24 c:/users/guyco/appdata/local/arduino15/packages/arduino/tools/arm-none-eabi-gcc/4.8.3-2014q1/bin/../lib/gcc/arm-none-eabi/4.8.3/../../../../arm-none-eabi/lib/armv7-m\libg.a(lib_a-closer.o)
                0x0008860c                _close_r
 .text._fclose_r
                0x00088630       0x80 c:/users/guyco/appdata/local/arduino15/packages/arduino/tools/arm-none-eabi-gcc/4.8.3-2014q1/bin/../lib/gcc/arm-none-eabi/4.8.3/../../../../arm-none-eabi/lib/armv7-m\libg.a(lib_a-fclose.o)
                0x00088630                _fclose_r
 .text.fclose   0x000886b0       0x10 c:/users/guyco/appdata/local/arduino15/packages/arduino/tools/arm-none-eabi-gcc/4.8.3-2014q1/bin/../lib/gcc/arm-none-eabi/4.8.3/../../../../arm-none-eabi/lib/armv7-m\libg.a(lib_a-fclose.o)
                0x000886b0                fclose
 .text._fstat_r
                0x000886c0       0x28 c:/users/guyco/appdata/local/arduino15/packages/arduino/tools/arm-none-eabi-gcc/4.8.3-2014q1/bin/../lib/gcc/arm-none-eabi/4.8.3/../../../../arm-none-eabi/lib/armv7-m\libg.a(lib_a-fstatr.o)
                0x000886c0                _fstat_r
 .text._isatty_r
                0x000886e8       0x24 c:/users/guyco/appdata/local/arduino15/packages/arduino/tools/arm-none-eabi-gcc/4.8.3-2014q1/bin/../lib/gcc/arm-none-eabi/4.8.3/../../../../arm-none-eabi/lib/armv7-m\libg.a(lib_a-isattyr.o)
                0x000886e8                _isatty_r
 .text._lseek_r